running egg_info
creating ../build/chessboard_corner_detector/chessboard_corner_detector.egg-info
writing ../build/chessboard_corner_detector/chessboard_corner_detector.egg-info/PKG-INFO
writing dependency_links to ../build/chessboard_corner_detector/chessboard_corner_detector.egg-info/dependency_links.txt
writing requirements to ../build/chessboard_corner_detector/chessboard_corner_detector.egg-info/requires.txt
writing top-level names to ../build/chessboard_corner_detector/chessboard_corner_detector.egg-info/top_level.txt
writing manifest file '../build/chessboard_corner_detector/chessboard_corner_detector.egg-info/SOURCES.txt'
reading manifest file '../build/chessboard_corner_detector/chessboard_corner_detector.egg-info/SOURCES.txt'
writing manifest file '../build/chessboard_corner_detector/chessboard_corner_detector.egg-info/SOURCES.txt'
running build
running build_py
creating /home/logan/image-relay-practice-project/build/chessboard_corner_detector/build
creating /home/logan/image-relay-practice-project/build/chessboard_corner_detector/build/lib
creating /home/logan/image-relay-practice-project/build/chessboard_corner_detector/build/lib/chessboard_corner_detector
copying chessboard_corner_detector/chessboard_corner_detector.py -> /home/logan/image-relay-practice-project/build/chessboard_corner_detector/build/lib/chessboard_corner_detector
copying chessboard_corner_detector/__init__.py -> /home/logan/image-relay-practice-project/build/chessboard_corner_detector/build/lib/chessboard_corner_detector
running install
running install_lib
creating /home/logan/image-relay-practice-project/install/chessboard_corner_detector/lib/python3.12/site-packages/chessboard_corner_detector
copying /home/logan/image-relay-practice-project/build/chessboard_corner_detector/build/lib/chessboard_corner_detector/chessboard_corner_detector.py -> /home/logan/image-relay-practice-project/install/chessboard_corner_detector/lib/python3.12/site-packages/chessboard_corner_detector
copying /home/logan/image-relay-practice-project/build/chessboard_corner_detector/build/lib/chessboard_corner_detector/__init__.py -> /home/logan/image-relay-practice-project/install/chessboard_corner_detector/lib/python3.12/site-packages/chessboard_corner_detector
byte-compiling /home/logan/image-relay-practice-project/install/chessboard_corner_detector/lib/python3.12/site-packages/chessboard_corner_detector/chessboard_corner_detector.py to chessboard_corner_detector.cpython-312.pyc
byte-compiling /home/logan/image-relay-practice-project/install/chessboard_corner_detector/lib/python3.12/site-packages/chessboard_corner_detector/__init__.py to __init__.cpython-312.pyc
running install_data
creating /home/logan/image-relay-practice-project/install/chessboard_corner_detector/share/ament_index
creating /home/logan/image-relay-practice-project/install/chessboard_corner_detector/share/ament_index/resource_index
creating /home/logan/image-relay-practice-project/install/chessboard_corner_detector/share/ament_index/resource_index/packages
copying resource/chessboard_corner_detector -> /home/logan/image-relay-practice-project/install/chessboard_corner_detector/share/ament_index/resource_index/packages
copying package.xml -> /home/logan/image-relay-practice-project/install/chessboard_corner_detector/share/chessboard_corner_detector
running install_egg_info
Copying ../build/chessboard_corner_detector/chessboard_corner_detector.egg-info to /home/logan/image-relay-practice-project/install/chessboard_corner_detector/lib/python3.12/site-packages/chessboard_corner_detector-0.0.0-py3.12.egg-info
running install_scripts
writing list of installed files to '/home/logan/image-relay-practice-project/build/chessboard_corner_detector/install.log'
