[0.643s] Invoking command in '/home/logan/image-relay-practice-project/chessboard_corner_detector': DEBUGINFOD_URLS=https://debuginfod.ubuntu.com PYTHONPATH=/home/logan/image-relay-practice-project/build/chessboard_corner_detector/prefix_override:/usr/lib/python3/dist-packages/colcon_core/task/python/colcon_distutils_commands:/home/logan/image-relay-practice-project/install/chessboard_corner_detector/lib/python3.12/site-packages:${PYTHONPATH} /usr/bin/python3 -W ignore:setup.py install is deprecated -W ignore:easy_install command is deprecated setup.py egg_info --egg-base ../build/chessboard_corner_detector build --build-base /home/logan/image-relay-practice-project/build/chessboard_corner_detector/build install --record /home/logan/image-relay-practice-project/build/chessboard_corner_detector/install.log --single-version-externally-managed install_data
[0.794s] running egg_info
[0.794s] creating ../build/chessboard_corner_detector/chessboard_corner_detector.egg-info
[0.802s] writing ../build/chessboard_corner_detector/chessboard_corner_detector.egg-info/PKG-INFO
[0.802s] writing dependency_links to ../build/chessboard_corner_detector/chessboard_corner_detector.egg-info/dependency_links.txt
[0.802s] writing requirements to ../build/chessboard_corner_detector/chessboard_corner_detector.egg-info/requires.txt
[0.802s] writing top-level names to ../build/chessboard_corner_detector/chessboard_corner_detector.egg-info/top_level.txt
[0.802s] writing manifest file '../build/chessboard_corner_detector/chessboard_corner_detector.egg-info/SOURCES.txt'
[0.824s] reading manifest file '../build/chessboard_corner_detector/chessboard_corner_detector.egg-info/SOURCES.txt'
[0.824s] writing manifest file '../build/chessboard_corner_detector/chessboard_corner_detector.egg-info/SOURCES.txt'
[0.824s] running build
[0.824s] running build_py
[0.824s] creating /home/logan/image-relay-practice-project/build/chessboard_corner_detector/build
[0.824s] creating /home/logan/image-relay-practice-project/build/chessboard_corner_detector/build/lib
[0.824s] creating /home/logan/image-relay-practice-project/build/chessboard_corner_detector/build/lib/chessboard_corner_detector
[0.824s] copying chessboard_corner_detector/chessboard_corner_detector.py -> /home/logan/image-relay-practice-project/build/chessboard_corner_detector/build/lib/chessboard_corner_detector
[0.824s] copying chessboard_corner_detector/__init__.py -> /home/logan/image-relay-practice-project/build/chessboard_corner_detector/build/lib/chessboard_corner_detector
[0.824s] running install
[0.826s] running install_lib
[0.837s] creating /home/logan/image-relay-practice-project/install/chessboard_corner_detector/lib/python3.12/site-packages/chessboard_corner_detector
[0.837s] copying /home/logan/image-relay-practice-project/build/chessboard_corner_detector/build/lib/chessboard_corner_detector/chessboard_corner_detector.py -> /home/logan/image-relay-practice-project/install/chessboard_corner_detector/lib/python3.12/site-packages/chessboard_corner_detector
[0.837s] copying /home/logan/image-relay-practice-project/build/chessboard_corner_detector/build/lib/chessboard_corner_detector/__init__.py -> /home/logan/image-relay-practice-project/install/chessboard_corner_detector/lib/python3.12/site-packages/chessboard_corner_detector
[0.837s] byte-compiling /home/logan/image-relay-practice-project/install/chessboard_corner_detector/lib/python3.12/site-packages/chessboard_corner_detector/chessboard_corner_detector.py to chessboard_corner_detector.cpython-312.pyc
[0.838s] byte-compiling /home/logan/image-relay-practice-project/install/chessboard_corner_detector/lib/python3.12/site-packages/chessboard_corner_detector/__init__.py to __init__.cpython-312.pyc
[0.838s] running install_data
[0.838s] creating /home/logan/image-relay-practice-project/install/chessboard_corner_detector/share/ament_index
[0.838s] creating /home/logan/image-relay-practice-project/install/chessboard_corner_detector/share/ament_index/resource_index
[0.838s] creating /home/logan/image-relay-practice-project/install/chessboard_corner_detector/share/ament_index/resource_index/packages
[0.838s] copying resource/chessboard_corner_detector -> /home/logan/image-relay-practice-project/install/chessboard_corner_detector/share/ament_index/resource_index/packages
[0.838s] copying package.xml -> /home/logan/image-relay-practice-project/install/chessboard_corner_detector/share/chessboard_corner_detector
[0.838s] running install_egg_info
[0.851s] Copying ../build/chessboard_corner_detector/chessboard_corner_detector.egg-info to /home/logan/image-relay-practice-project/install/chessboard_corner_detector/lib/python3.12/site-packages/chessboard_corner_detector-0.0.0-py3.12.egg-info
[0.851s] running install_scripts
[0.934s] writing list of installed files to '/home/logan/image-relay-practice-project/build/chessboard_corner_detector/install.log'
[0.957s] Invoked command in '/home/logan/image-relay-practice-project/chessboard_corner_detector' returned '0': DEBUGINFOD_URLS=https://debuginfod.ubuntu.com PYTHONPATH=/home/logan/image-relay-practice-project/build/chessboard_corner_detector/prefix_override:/usr/lib/python3/dist-packages/colcon_core/task/python/colcon_distutils_commands:/home/logan/image-relay-practice-project/install/chessboard_corner_detector/lib/python3.12/site-packages:${PYTHONPATH} /usr/bin/python3 -W ignore:setup.py install is deprecated -W ignore:easy_install command is deprecated setup.py egg_info --egg-base ../build/chessboard_corner_detector build --build-base /home/logan/image-relay-practice-project/build/chessboard_corner_detector/build install --record /home/logan/image-relay-practice-project/build/chessboard_corner_detector/install.log --single-version-externally-managed install_data
