[25.040s] Invoking command in '/mnt/c/Users/maddo/OneDrive - University of Virginia/Coding Things College/MARS/image relay practice thing/image-relay-practice-project/src/my_package': PYTHONPATH=/mnt/c/Users/maddo/OneDrive - University of Virginia/Coding Things College/MARS/image relay practice thing/image-relay-practice-project/src/build/my_package/prefix_override:/usr/lib/python3/dist-packages/colcon_core/task/python/colcon_distutils_commands:/mnt/c/Users/maddo/OneDrive - University of Virginia/Coding Things College/MARS/image relay practice thing/image-relay-practice-project/src/install/my_package/lib/python3.12/site-packages:${PYTHONPATH} /usr/bin/python3 -W ignore:setup.py install is deprecated -W ignore:easy_install command is deprecated setup.py egg_info --egg-base ../build/my_package build --build-base /mnt/c/Users/maddo/OneDrive - University of Virginia/Coding Things College/MARS/image relay practice thing/image-relay-practice-project/src/build/my_package/build install --record /mnt/c/Users/maddo/OneDrive - University of Virginia/Coding Things College/MARS/image relay practice thing/image-relay-practice-project/src/build/my_package/install.log --single-version-externally-managed install_data
[29.354s] running egg_info
[29.495s] writing ../build/my_package/my_package.egg-info/PKG-INFO
[29.526s] writing dependency_links to ../build/my_package/my_package.egg-info/dependency_links.txt
[29.548s] writing entry points to ../build/my_package/my_package.egg-info/entry_points.txt
[29.568s] writing requirements to ../build/my_package/my_package.egg-info/requires.txt
[29.593s] writing top-level names to ../build/my_package/my_package.egg-info/top_level.txt
[30.006s] reading manifest file '../build/my_package/my_package.egg-info/SOURCES.txt'
[30.252s] adding license file 'LICENSE'
[30.362s] writing manifest file '../build/my_package/my_package.egg-info/SOURCES.txt'
[30.384s] running build
[30.387s] running build_py
[30.457s] copying my_package/my_node.py -> /mnt/c/Users/maddo/OneDrive - University of Virginia/Coding Things College/MARS/image relay practice thing/image-relay-practice-project/src/build/my_package/build/lib/my_package
[30.597s] running install
[30.644s] running install_lib
[30.927s] copying /mnt/c/Users/maddo/OneDrive - University of Virginia/Coding Things College/MARS/image relay practice thing/image-relay-practice-project/src/build/my_package/build/lib/my_package/my_node.py -> /mnt/c/Users/maddo/OneDrive - University of Virginia/Coding Things College/MARS/image relay practice thing/image-relay-practice-project/src/install/my_package/lib/python3.12/site-packages/my_package
[31.237s] byte-compiling /mnt/c/Users/maddo/OneDrive - University of Virginia/Coding Things College/MARS/image relay practice thing/image-relay-practice-project/src/install/my_package/lib/python3.12/site-packages/my_package/my_node.py to my_node.cpython-312.pyc
[31.440s] running install_data
[31.549s] running install_egg_info
[31.724s] removing '/mnt/c/Users/maddo/OneDrive - University of Virginia/Coding Things College/MARS/image relay practice thing/image-relay-practice-project/src/install/my_package/lib/python3.12/site-packages/my_package-0.0.0-py3.12.egg-info' (and everything under it)
[31.993s] Copying ../build/my_package/my_package.egg-info to /mnt/c/Users/maddo/OneDrive - University of Virginia/Coding Things College/MARS/image relay practice thing/image-relay-practice-project/src/install/my_package/lib/python3.12/site-packages/my_package-0.0.0-py3.12.egg-info
[33.038s] running install_scripts
[34.697s] Installing my_node script to /mnt/c/Users/maddo/OneDrive - University of Virginia/Coding Things College/MARS/image relay practice thing/image-relay-practice-project/src/install/my_package/lib/my_package
[34.757s] writing list of installed files to '/mnt/c/Users/maddo/OneDrive - University of Virginia/Coding Things College/MARS/image relay practice thing/image-relay-practice-project/src/build/my_package/install.log'
[35.882s] Invoked command in '/mnt/c/Users/maddo/OneDrive - University of Virginia/Coding Things College/MARS/image relay practice thing/image-relay-practice-project/src/my_package' returned '0': PYTHONPATH=/mnt/c/Users/maddo/OneDrive - University of Virginia/Coding Things College/MARS/image relay practice thing/image-relay-practice-project/src/build/my_package/prefix_override:/usr/lib/python3/dist-packages/colcon_core/task/python/colcon_distutils_commands:/mnt/c/Users/maddo/OneDrive - University of Virginia/Coding Things College/MARS/image relay practice thing/image-relay-practice-project/src/install/my_package/lib/python3.12/site-packages:${PYTHONPATH} /usr/bin/python3 -W ignore:setup.py install is deprecated -W ignore:easy_install command is deprecated setup.py egg_info --egg-base ../build/my_package build --build-base /mnt/c/Users/maddo/OneDrive - University of Virginia/Coding Things College/MARS/image relay practice thing/image-relay-practice-project/src/build/my_package/build install --record /mnt/c/Users/maddo/OneDrive - University of Virginia/Coding Things College/MARS/image relay practice thing/image-relay-practice-project/src/build/my_package/install.log --single-version-externally-managed install_data
