[0.642s] Invoking command in '/home/logan/image-relay-practice-project/src/example_package': DEBUGINFOD_URLS=https://debuginfod.ubuntu.com PYTHONPATH=/home/logan/image-relay-practice-project/build/example_package/prefix_override:/usr/lib/python3/dist-packages/colcon_core/task/python/colcon_distutils_commands:/home/logan/image-relay-practice-project/install/example_package/lib/python3.12/site-packages:${PYTHONPATH} /usr/bin/python3 -W ignore:setup.py install is deprecated -W ignore:easy_install command is deprecated setup.py egg_info --egg-base ../../build/example_package build --build-base /home/logan/image-relay-practice-project/build/example_package/build install --record /home/logan/image-relay-practice-project/build/example_package/install.log --single-version-externally-managed install_data
[0.786s] running egg_info
[0.787s] creating ../../build/example_package/example_package.egg-info
[0.795s] writing ../../build/example_package/example_package.egg-info/PKG-INFO
[0.795s] writing dependency_links to ../../build/example_package/example_package.egg-info/dependency_links.txt
[0.795s] writing requirements to ../../build/example_package/example_package.egg-info/requires.txt
[0.795s] writing top-level names to ../../build/example_package/example_package.egg-info/top_level.txt
[0.795s] writing manifest file '../../build/example_package/example_package.egg-info/SOURCES.txt'
[0.815s] reading manifest file '../../build/example_package/example_package.egg-info/SOURCES.txt'
[0.816s] writing manifest file '../../build/example_package/example_package.egg-info/SOURCES.txt'
[0.816s] running build
[0.817s] running build_py
[0.818s] creating /home/logan/image-relay-practice-project/build/example_package/build
[0.818s] creating /home/logan/image-relay-practice-project/build/example_package/build/lib
[0.818s] creating /home/logan/image-relay-practice-project/build/example_package/build/lib/example_package
[0.818s] copying example_package/__init__.py -> /home/logan/image-relay-practice-project/build/example_package/build/lib/example_package
[0.818s] running install
[0.821s] running install_lib
[0.830s] creating /home/logan/image-relay-practice-project/install/example_package/lib/python3.12/site-packages/example_package
[0.831s] copying /home/logan/image-relay-practice-project/build/example_package/build/lib/example_package/__init__.py -> /home/logan/image-relay-practice-project/install/example_package/lib/python3.12/site-packages/example_package
[0.831s] byte-compiling /home/logan/image-relay-practice-project/install/example_package/lib/python3.12/site-packages/example_package/__init__.py to __init__.cpython-312.pyc
[0.831s] running install_data
[0.831s] creating /home/logan/image-relay-practice-project/install/example_package/share/ament_index
[0.831s] creating /home/logan/image-relay-practice-project/install/example_package/share/ament_index/resource_index
[0.831s] creating /home/logan/image-relay-practice-project/install/example_package/share/ament_index/resource_index/packages
[0.831s] copying resource/example_package -> /home/logan/image-relay-practice-project/install/example_package/share/ament_index/resource_index/packages
[0.831s] copying package.xml -> /home/logan/image-relay-practice-project/install/example_package/share/example_package
[0.831s] running install_egg_info
[0.846s] Copying ../../build/example_package/example_package.egg-info to /home/logan/image-relay-practice-project/install/example_package/lib/python3.12/site-packages/example_package-0.0.0-py3.12.egg-info
[0.846s] running install_scripts
[0.928s] writing list of installed files to '/home/logan/image-relay-practice-project/build/example_package/install.log'
[0.968s] Invoked command in '/home/logan/image-relay-practice-project/src/example_package' returned '0': DEBUGINFOD_URLS=https://debuginfod.ubuntu.com PYTHONPATH=/home/logan/image-relay-practice-project/build/example_package/prefix_override:/usr/lib/python3/dist-packages/colcon_core/task/python/colcon_distutils_commands:/home/logan/image-relay-practice-project/install/example_package/lib/python3.12/site-packages:${PYTHONPATH} /usr/bin/python3 -W ignore:setup.py install is deprecated -W ignore:easy_install command is deprecated setup.py egg_info --egg-base ../../build/example_package build --build-base /home/logan/image-relay-practice-project/build/example_package/build install --record /home/logan/image-relay-practice-project/build/example_package/install.log --single-version-externally-managed install_data
