[7.767s] Invoking command in '/mnt/c/Users/maddo/OneDrive - University of Virginia/Coding Things College/MARS/image relay practice thing/image-relay-practice-project/src/my_package': PYTHONPATH=/mnt/c/Users/maddo/OneDrive - University of Virginia/Coding Things College/MARS/image relay practice thing/image-relay-practice-project/src/build/my_package/prefix_override:/usr/lib/python3/dist-packages/colcon_core/task/python/colcon_distutils_commands:/mnt/c/Users/maddo/OneDrive - University of Virginia/Coding Things College/MARS/image relay practice thing/image-relay-practice-project/src/install/my_package/lib/python3.12/site-packages:${PYTHONPATH} /usr/bin/python3 -W ignore:setup.py install is deprecated -W ignore:easy_install command is deprecated setup.py egg_info --egg-base ../build/my_package build --build-base /mnt/c/Users/maddo/OneDrive - University of Virginia/Coding Things College/MARS/image relay practice thing/image-relay-practice-project/src/build/my_package/build install --record /mnt/c/Users/maddo/OneDrive - University of Virginia/Coding Things College/MARS/image relay practice thing/image-relay-practice-project/src/build/my_package/install.log --single-version-externally-managed install_data
[10.170s] running egg_info
[10.184s] creating ../build/my_package/my_package.egg-info
[10.254s] writing ../build/my_package/my_package.egg-info/PKG-INFO
[10.294s] writing dependency_links to ../build/my_package/my_package.egg-info/dependency_links.txt
[10.309s] writing entry points to ../build/my_package/my_package.egg-info/entry_points.txt
[10.327s] writing requirements to ../build/my_package/my_package.egg-info/requires.txt
[10.337s] writing top-level names to ../build/my_package/my_package.egg-info/top_level.txt
[10.362s] writing manifest file '../build/my_package/my_package.egg-info/SOURCES.txt'
[10.607s] reading manifest file '../build/my_package/my_package.egg-info/SOURCES.txt'
[10.735s] adding license file 'LICENSE'
[10.839s] writing manifest file '../build/my_package/my_package.egg-info/SOURCES.txt'
[10.856s] running build
[10.860s] running build_py
[10.876s] creating /mnt/c/Users/maddo/OneDrive - University of Virginia/Coding Things College/MARS/image relay practice thing/image-relay-practice-project/src/build/my_package/build
[10.883s] creating /mnt/c/Users/maddo/OneDrive - University of Virginia/Coding Things College/MARS/image relay practice thing/image-relay-practice-project/src/build/my_package/build/lib
[10.894s] creating /mnt/c/Users/maddo/OneDrive - University of Virginia/Coding Things College/MARS/image relay practice thing/image-relay-practice-project/src/build/my_package/build/lib/my_package
[10.938s] copying my_package/my_node.py -> /mnt/c/Users/maddo/OneDrive - University of Virginia/Coding Things College/MARS/image relay practice thing/image-relay-practice-project/src/build/my_package/build/lib/my_package
[11.030s] copying my_package/__init__.py -> /mnt/c/Users/maddo/OneDrive - University of Virginia/Coding Things College/MARS/image relay practice thing/image-relay-practice-project/src/build/my_package/build/lib/my_package
[11.081s] running install
[11.110s] running install_lib
[11.247s] creating /mnt/c/Users/maddo/OneDrive - University of Virginia/Coding Things College/MARS/image relay practice thing/image-relay-practice-project/src/install/my_package/lib/python3.12/site-packages/my_package
[11.314s] copying /mnt/c/Users/maddo/OneDrive - University of Virginia/Coding Things College/MARS/image relay practice thing/image-relay-practice-project/src/build/my_package/build/lib/my_package/my_node.py -> /mnt/c/Users/maddo/OneDrive - University of Virginia/Coding Things College/MARS/image relay practice thing/image-relay-practice-project/src/install/my_package/lib/python3.12/site-packages/my_package
[11.447s] copying /mnt/c/Users/maddo/OneDrive - University of Virginia/Coding Things College/MARS/image relay practice thing/image-relay-practice-project/src/build/my_package/build/lib/my_package/__init__.py -> /mnt/c/Users/maddo/OneDrive - University of Virginia/Coding Things College/MARS/image relay practice thing/image-relay-practice-project/src/install/my_package/lib/python3.12/site-packages/my_package
[11.591s] byte-compiling /mnt/c/Users/maddo/OneDrive - University of Virginia/Coding Things College/MARS/image relay practice thing/image-relay-practice-project/src/install/my_package/lib/python3.12/site-packages/my_package/my_node.py to my_node.cpython-312.pyc
[11.729s] byte-compiling /mnt/c/Users/maddo/OneDrive - University of Virginia/Coding Things College/MARS/image relay practice thing/image-relay-practice-project/src/install/my_package/lib/python3.12/site-packages/my_package/__init__.py to __init__.cpython-312.pyc
[11.833s] running install_data
[11.856s] creating /mnt/c/Users/maddo/OneDrive - University of Virginia/Coding Things College/MARS/image relay practice thing/image-relay-practice-project/src/install/my_package/share/ament_index
[11.864s] creating /mnt/c/Users/maddo/OneDrive - University of Virginia/Coding Things College/MARS/image relay practice thing/image-relay-practice-project/src/install/my_package/share/ament_index/resource_index
[11.875s] creating /mnt/c/Users/maddo/OneDrive - University of Virginia/Coding Things College/MARS/image relay practice thing/image-relay-practice-project/src/install/my_package/share/ament_index/resource_index/packages
[11.913s] copying resource/my_package -> /mnt/c/Users/maddo/OneDrive - University of Virginia/Coding Things College/MARS/image relay practice thing/image-relay-practice-project/src/install/my_package/share/ament_index/resource_index/packages
[11.986s] copying package.xml -> /mnt/c/Users/maddo/OneDrive - University of Virginia/Coding Things College/MARS/image relay practice thing/image-relay-practice-project/src/install/my_package/share/my_package
[12.027s] running install_egg_info
[12.126s] Copying ../build/my_package/my_package.egg-info to /mnt/c/Users/maddo/OneDrive - University of Virginia/Coding Things College/MARS/image relay practice thing/image-relay-practice-project/src/install/my_package/lib/python3.12/site-packages/my_package-0.0.0-py3.12.egg-info
[13.142s] running install_scripts
[14.009s] Installing my_node script to /mnt/c/Users/maddo/OneDrive - University of Virginia/Coding Things College/MARS/image relay practice thing/image-relay-practice-project/src/install/my_package/lib/my_package
[14.065s] writing list of installed files to '/mnt/c/Users/maddo/OneDrive - University of Virginia/Coding Things College/MARS/image relay practice thing/image-relay-practice-project/src/build/my_package/install.log'
[15.566s] Invoked command in '/mnt/c/Users/maddo/OneDrive - University of Virginia/Coding Things College/MARS/image relay practice thing/image-relay-practice-project/src/my_package' returned '0': PYTHONPATH=/mnt/c/Users/maddo/OneDrive - University of Virginia/Coding Things College/MARS/image relay practice thing/image-relay-practice-project/src/build/my_package/prefix_override:/usr/lib/python3/dist-packages/colcon_core/task/python/colcon_distutils_commands:/mnt/c/Users/maddo/OneDrive - University of Virginia/Coding Things College/MARS/image relay practice thing/image-relay-practice-project/src/install/my_package/lib/python3.12/site-packages:${PYTHONPATH} /usr/bin/python3 -W ignore:setup.py install is deprecated -W ignore:easy_install command is deprecated setup.py egg_info --egg-base ../build/my_package build --build-base /mnt/c/Users/maddo/OneDrive - University of Virginia/Coding Things College/MARS/image relay practice thing/image-relay-practice-project/src/build/my_package/build install --record /mnt/c/Users/maddo/OneDrive - University of Virginia/Coding Things College/MARS/image relay practice thing/image-relay-practice-project/src/build/my_package/install.log --single-version-externally-managed install_data
