[2.754s] DEBUG:colcon:Command line arguments: ['/usr/bin/colcon', 'build']
[2.755s] DEBUG:colcon:Parsed command line arguments: Namespace(log_base=None, log_level=None, verb_name='build', build_base='build', install_base='install', merge_install=False, symlink_install=False, test_result_base=None, continue_on_error=False, executor='parallel', parallel_workers=20, event_handlers=None, ignore_user_meta=False, metas=['./colcon.meta'], base_paths=['.'], packages_ignore=None, packages_ignore_regex=None, paths=None, packages_up_to=None, packages_up_to_regex=None, packages_above=None, packages_above_and_dependencies=None, packages_above_depth=None, packages_select_by_dep=None, packages_skip_by_dep=None, packages_skip_up_to=None, packages_select_build_failed=False, packages_skip_build_finished=False, packages_select_test_failures=False, packages_skip_test_passed=False, packages_select=None, packages_skip=None, packages_select_regex=None, packages_skip_regex=None, packages_start=None, packages_end=None, allow_overriding=[], cmake_args=None, cmake_target=None, cmake_target_skip_unavailable=False, cmake_clean_cache=False, cmake_clean_first=False, cmake_force_configure=False, ament_cmake_args=None, catkin_cmake_args=None, catkin_skip_building_tests=False, mixin_files=None, mixin=None, verb_parser=<colcon_mixin.mixin.mixin_argument.MixinArgumentDecorator object at 0x752572784e90>, verb_extension=<colcon_core.verb.build.BuildVerb object at 0x75257275a780>, main=<bound method BuildVerb.main of <colcon_core.verb.build.BuildVerb object at 0x75257275a780>>, mixin_verb=('build',))
[3.223s] Level 1:colcon.colcon_core.package_discovery:discover_packages(colcon_meta) check parameters
[3.225s] Level 1:colcon.colcon_core.package_discovery:discover_packages(recursive) check parameters
[3.225s] Level 1:colcon.colcon_core.package_discovery:discover_packages(ignore) check parameters
[3.226s] Level 1:colcon.colcon_core.package_discovery:discover_packages(path) check parameters
[3.227s] Level 1:colcon.colcon_core.package_discovery:discover_packages(colcon_meta) discover
[3.228s] Level 1:colcon.colcon_core.package_discovery:discover_packages(recursive) discover
[3.229s] INFO:colcon.colcon_core.package_discovery:Crawling recursively for packages in '/mnt/c/Users/maddo/OneDrive - University of Virginia/Coding Things College/MARS/image relay practice thing/image-relay-practice-project/src'
[3.235s] Level 1:colcon.colcon_core.package_identification:_identify(.) by extensions ['ignore', 'ignore_ament_install']
[3.236s] Level 1:colcon.colcon_core.package_identification:_identify(.) by extension 'ignore'
[3.237s] Level 1:colcon.colcon_core.package_identification:_identify(.) by extension 'ignore_ament_install'
[3.241s] Level 1:colcon.colcon_core.package_identification:_identify(.) by extensions ['colcon_pkg']
[3.242s] Level 1:colcon.colcon_core.package_identification:_identify(.) by extension 'colcon_pkg'
[3.244s] Level 1:colcon.colcon_core.package_identification:_identify(.) by extensions ['colcon_meta']
[3.244s] Level 1:colcon.colcon_core.package_identification:_identify(.) by extension 'colcon_meta'
[3.245s] Level 1:colcon.colcon_core.package_identification:_identify(.) by extensions ['ros']
[3.247s] Level 1:colcon.colcon_core.package_identification:_identify(.) by extension 'ros'
[3.516s] Level 1:colcon.colcon_core.package_identification:_identify(.) by extensions ['cmake', 'python']
[3.518s] Level 1:colcon.colcon_core.package_identification:_identify(.) by extension 'cmake'
[3.520s] Level 1:colcon.colcon_core.package_identification:_identify(.) by extension 'python'
[3.523s] Level 1:colcon.colcon_core.package_identification:_identify(.) by extensions ['python_setup_py']
[3.525s] Level 1:colcon.colcon_core.package_identification:_identify(.) by extension 'python_setup_py'
[3.545s] Level 1:colcon.colcon_core.package_identification:_identify(build) by extensions ['ignore', 'ignore_ament_install']
[3.547s] Level 1:colcon.colcon_core.package_identification:_identify(build) by extension 'ignore'
[3.556s] Level 1:colcon.colcon_core.package_identification:_identify(build) ignored
[3.573s] Level 1:colcon.colcon_core.package_identification:_identify(example_package) by extensions ['ignore', 'ignore_ament_install']
[3.575s] Level 1:colcon.colcon_core.package_identification:_identify(example_package) by extension 'ignore'
[3.580s] Level 1:colcon.colcon_core.package_identification:_identify(example_package) by extension 'ignore_ament_install'
[3.588s] Level 1:colcon.colcon_core.package_identification:_identify(example_package) by extensions ['colcon_pkg']
[3.589s] Level 1:colcon.colcon_core.package_identification:_identify(example_package) by extension 'colcon_pkg'
[3.594s] Level 1:colcon.colcon_core.package_identification:_identify(example_package) by extensions ['colcon_meta']
[3.596s] Level 1:colcon.colcon_core.package_identification:_identify(example_package) by extension 'colcon_meta'
[3.600s] Level 1:colcon.colcon_core.package_identification:_identify(example_package) by extensions ['ros']
[3.601s] Level 1:colcon.colcon_core.package_identification:_identify(example_package) by extension 'ros'
[3.661s] DEBUG:colcon.colcon_core.package_identification:Package 'example_package' with type 'ros.ament_python' and name 'example_package'
[3.676s] Level 1:colcon.colcon_core.package_identification:_identify(install) by extensions ['ignore', 'ignore_ament_install']
[3.677s] Level 1:colcon.colcon_core.package_identification:_identify(install) by extension 'ignore'
[3.685s] Level 1:colcon.colcon_core.package_identification:_identify(install) ignored
[3.705s] Level 1:colcon.colcon_core.package_identification:_identify(log) by extensions ['ignore', 'ignore_ament_install']
[3.706s] Level 1:colcon.colcon_core.package_identification:_identify(log) by extension 'ignore'
[3.710s] Level 1:colcon.colcon_core.package_identification:_identify(log) ignored
[3.724s] Level 1:colcon.colcon_core.package_identification:_identify(my_package) by extensions ['ignore', 'ignore_ament_install']
[3.725s] Level 1:colcon.colcon_core.package_identification:_identify(my_package) by extension 'ignore'
[3.731s] Level 1:colcon.colcon_core.package_identification:_identify(my_package) by extension 'ignore_ament_install'
[3.741s] Level 1:colcon.colcon_core.package_identification:_identify(my_package) by extensions ['colcon_pkg']
[3.742s] Level 1:colcon.colcon_core.package_identification:_identify(my_package) by extension 'colcon_pkg'
[3.747s] Level 1:colcon.colcon_core.package_identification:_identify(my_package) by extensions ['colcon_meta']
[3.748s] Level 1:colcon.colcon_core.package_identification:_identify(my_package) by extension 'colcon_meta'
[3.753s] Level 1:colcon.colcon_core.package_identification:_identify(my_package) by extensions ['ros']
[3.754s] Level 1:colcon.colcon_core.package_identification:_identify(my_package) by extension 'ros'
[3.804s] DEBUG:colcon.colcon_core.package_identification:Package 'my_package' with type 'ros.ament_python' and name 'my_package'
[3.816s] Level 1:colcon.colcon_core.package_identification:_identify(package_name) by extensions ['ignore', 'ignore_ament_install']
[3.817s] Level 1:colcon.colcon_core.package_identification:_identify(package_name) by extension 'ignore'
[3.821s] Level 1:colcon.colcon_core.package_identification:_identify(package_name) by extension 'ignore_ament_install'
[3.829s] Level 1:colcon.colcon_core.package_identification:_identify(package_name) by extensions ['colcon_pkg']
[3.830s] Level 1:colcon.colcon_core.package_identification:_identify(package_name) by extension 'colcon_pkg'
[3.834s] Level 1:colcon.colcon_core.package_identification:_identify(package_name) by extensions ['colcon_meta']
[3.835s] Level 1:colcon.colcon_core.package_identification:_identify(package_name) by extension 'colcon_meta'
[3.839s] Level 1:colcon.colcon_core.package_identification:_identify(package_name) by extensions ['ros']
[3.840s] Level 1:colcon.colcon_core.package_identification:_identify(package_name) by extension 'ros'
[3.896s] DEBUG:colcon.colcon_core.package_identification:Package 'package_name' with type 'ros.ament_python' and name 'package_name'
[3.896s] Level 1:colcon.colcon_core.package_discovery:discover_packages(recursive) using defaults
[3.897s] Level 1:colcon.colcon_core.package_discovery:discover_packages(ignore) discover
[3.898s] Level 1:colcon.colcon_core.package_discovery:discover_packages(ignore) using defaults
[3.899s] Level 1:colcon.colcon_core.package_discovery:discover_packages(path) discover
[3.900s] Level 1:colcon.colcon_core.package_discovery:discover_packages(path) using defaults
[4.541s] Level 1:colcon.colcon_core.package_discovery:discover_packages(prefix_path) check parameters
[4.542s] Level 1:colcon.colcon_core.package_discovery:discover_packages(prefix_path) discover
[4.892s] DEBUG:colcon.colcon_installed_package_information.package_discovery:Found 3 installed packages in /mnt/c/Users/maddo/OneDrive - University of Virginia/Coding Things College/MARS/image relay practice thing/image-relay-practice-project/src/install
[4.896s] DEBUG:colcon.colcon_installed_package_information.package_discovery:Found 289 installed packages in /opt/ros/kilted
[4.900s] Level 1:colcon.colcon_core.package_discovery:discover_packages(prefix_path) using defaults
[5.215s] Level 5:colcon.colcon_core.verb:set package 'example_package' build argument 'cmake_args' from command line to 'None'
[5.216s] Level 5:colcon.colcon_core.verb:set package 'example_package' build argument 'cmake_target' from command line to 'None'
[5.217s] Level 5:colcon.colcon_core.verb:set package 'example_package' build argument 'cmake_target_skip_unavailable' from command line to 'False'
[5.218s] Level 5:colcon.colcon_core.verb:set package 'example_package' build argument 'cmake_clean_cache' from command line to 'False'
[5.219s] Level 5:colcon.colcon_core.verb:set package 'example_package' build argument 'cmake_clean_first' from command line to 'False'
[5.220s] Level 5:colcon.colcon_core.verb:set package 'example_package' build argument 'cmake_force_configure' from command line to 'False'
[5.221s] Level 5:colcon.colcon_core.verb:set package 'example_package' build argument 'ament_cmake_args' from command line to 'None'
[5.223s] Level 5:colcon.colcon_core.verb:set package 'example_package' build argument 'catkin_cmake_args' from command line to 'None'
[5.224s] Level 5:colcon.colcon_core.verb:set package 'example_package' build argument 'catkin_skip_building_tests' from command line to 'False'
[5.225s] DEBUG:colcon.colcon_core.verb:Building package 'example_package' with the following arguments: {'ament_cmake_args': None, 'build_base': '/mnt/c/Users/maddo/OneDrive - University of Virginia/Coding Things College/MARS/image relay practice thing/image-relay-practice-project/src/build/example_package', 'catkin_cmake_args': None, 'catkin_skip_building_tests': False, 'cmake_args': None, 'cmake_clean_cache': False, 'cmake_clean_first': False, 'cmake_force_configure': False, 'cmake_target': None, 'cmake_target_skip_unavailable': False, 'install_base': '/mnt/c/Users/maddo/OneDrive - University of Virginia/Coding Things College/MARS/image relay practice thing/image-relay-practice-project/src/install/example_package', 'merge_install': False, 'path': '/mnt/c/Users/maddo/OneDrive - University of Virginia/Coding Things College/MARS/image relay practice thing/image-relay-practice-project/src/example_package', 'symlink_install': False, 'test_result_base': None}
[5.227s] Level 5:colcon.colcon_core.verb:set package 'my_package' build argument 'cmake_args' from command line to 'None'
[5.228s] Level 5:colcon.colcon_core.verb:set package 'my_package' build argument 'cmake_target' from command line to 'None'
[5.230s] Level 5:colcon.colcon_core.verb:set package 'my_package' build argument 'cmake_target_skip_unavailable' from command line to 'False'
[5.231s] Level 5:colcon.colcon_core.verb:set package 'my_package' build argument 'cmake_clean_cache' from command line to 'False'
[5.232s] Level 5:colcon.colcon_core.verb:set package 'my_package' build argument 'cmake_clean_first' from command line to 'False'
[5.234s] Level 5:colcon.colcon_core.verb:set package 'my_package' build argument 'cmake_force_configure' from command line to 'False'
[5.235s] Level 5:colcon.colcon_core.verb:set package 'my_package' build argument 'ament_cmake_args' from command line to 'None'
[5.236s] Level 5:colcon.colcon_core.verb:set package 'my_package' build argument 'catkin_cmake_args' from command line to 'None'
[5.237s] Level 5:colcon.colcon_core.verb:set package 'my_package' build argument 'catkin_skip_building_tests' from command line to 'False'
[5.238s] DEBUG:colcon.colcon_core.verb:Building package 'my_package' with the following arguments: {'ament_cmake_args': None, 'build_base': '/mnt/c/Users/maddo/OneDrive - University of Virginia/Coding Things College/MARS/image relay practice thing/image-relay-practice-project/src/build/my_package', 'catkin_cmake_args': None, 'catkin_skip_building_tests': False, 'cmake_args': None, 'cmake_clean_cache': False, 'cmake_clean_first': False, 'cmake_force_configure': False, 'cmake_target': None, 'cmake_target_skip_unavailable': False, 'install_base': '/mnt/c/Users/maddo/OneDrive - University of Virginia/Coding Things College/MARS/image relay practice thing/image-relay-practice-project/src/install/my_package', 'merge_install': False, 'path': '/mnt/c/Users/maddo/OneDrive - University of Virginia/Coding Things College/MARS/image relay practice thing/image-relay-practice-project/src/my_package', 'symlink_install': False, 'test_result_base': None}
[5.240s] Level 5:colcon.colcon_core.verb:set package 'package_name' build argument 'cmake_args' from command line to 'None'
[5.242s] Level 5:colcon.colcon_core.verb:set package 'package_name' build argument 'cmake_target' from command line to 'None'
[5.243s] Level 5:colcon.colcon_core.verb:set package 'package_name' build argument 'cmake_target_skip_unavailable' from command line to 'False'
[5.244s] Level 5:colcon.colcon_core.verb:set package 'package_name' build argument 'cmake_clean_cache' from command line to 'False'
[5.246s] Level 5:colcon.colcon_core.verb:set package 'package_name' build argument 'cmake_clean_first' from command line to 'False'
[5.247s] Level 5:colcon.colcon_core.verb:set package 'package_name' build argument 'cmake_force_configure' from command line to 'False'
[5.248s] Level 5:colcon.colcon_core.verb:set package 'package_name' build argument 'ament_cmake_args' from command line to 'None'
[5.249s] Level 5:colcon.colcon_core.verb:set package 'package_name' build argument 'catkin_cmake_args' from command line to 'None'
[5.251s] Level 5:colcon.colcon_core.verb:set package 'package_name' build argument 'catkin_skip_building_tests' from command line to 'False'
[5.252s] DEBUG:colcon.colcon_core.verb:Building package 'package_name' with the following arguments: {'ament_cmake_args': None, 'build_base': '/mnt/c/Users/maddo/OneDrive - University of Virginia/Coding Things College/MARS/image relay practice thing/image-relay-practice-project/src/build/package_name', 'catkin_cmake_args': None, 'catkin_skip_building_tests': False, 'cmake_args': None, 'cmake_clean_cache': False, 'cmake_clean_first': False, 'cmake_force_configure': False, 'cmake_target': None, 'cmake_target_skip_unavailable': False, 'install_base': '/mnt/c/Users/maddo/OneDrive - University of Virginia/Coding Things College/MARS/image relay practice thing/image-relay-practice-project/src/install/package_name', 'merge_install': False, 'path': '/mnt/c/Users/maddo/OneDrive - University of Virginia/Coding Things College/MARS/image relay practice thing/image-relay-practice-project/src/package_name', 'symlink_install': False, 'test_result_base': None}
[5.253s] INFO:colcon.colcon_core.executor:Executing jobs using 'parallel' executor
[5.257s] DEBUG:colcon.colcon_parallel_executor.executor.parallel:run_until_complete
[5.258s] INFO:colcon.colcon_ros.task.ament_python.build:Building ROS package in '/mnt/c/Users/maddo/OneDrive - University of Virginia/Coding Things College/MARS/image relay practice thing/image-relay-practice-project/src/example_package' with build type 'ament_python'
[5.260s] Level 1:colcon.colcon_core.shell:create_environment_hook('example_package', 'ament_prefix_path')
[5.355s] INFO:colcon.colcon_core.plugin_system:Skipping extension 'colcon_core.shell.bat': Not used on non-Windows systems
[5.357s] INFO:colcon.colcon_core.shell:Creating environment hook '/mnt/c/Users/maddo/OneDrive - University of Virginia/Coding Things College/MARS/image relay practice thing/image-relay-practice-project/src/install/example_package/share/example_package/hook/ament_prefix_path.ps1'
[5.444s] INFO:colcon.colcon_core.shell:Creating environment descriptor '/mnt/c/Users/maddo/OneDrive - University of Virginia/Coding Things College/MARS/image relay practice thing/image-relay-practice-project/src/install/example_package/share/example_package/hook/ament_prefix_path.dsv'
[5.529s] INFO:colcon.colcon_core.shell:Creating environment hook '/mnt/c/Users/maddo/OneDrive - University of Virginia/Coding Things College/MARS/image relay practice thing/image-relay-practice-project/src/install/example_package/share/example_package/hook/ament_prefix_path.sh'
[5.617s] INFO:colcon.colcon_core.shell:Skip shell extension 'powershell' for command environment: Not usable outside of PowerShell
[5.618s] DEBUG:colcon.colcon_core.shell:Skip shell extension 'dsv' for command environment
[5.941s] INFO:colcon.colcon_ros.task.ament_python.build:Building ROS package in '/mnt/c/Users/maddo/OneDrive - University of Virginia/Coding Things College/MARS/image relay practice thing/image-relay-practice-project/src/my_package' with build type 'ament_python'
[5.942s] Level 1:colcon.colcon_core.shell:create_environment_hook('my_package', 'ament_prefix_path')
[5.944s] INFO:colcon.colcon_core.shell:Creating environment hook '/mnt/c/Users/maddo/OneDrive - University of Virginia/Coding Things College/MARS/image relay practice thing/image-relay-practice-project/src/install/my_package/share/my_package/hook/ament_prefix_path.ps1'
[6.019s] INFO:colcon.colcon_core.shell:Creating environment descriptor '/mnt/c/Users/maddo/OneDrive - University of Virginia/Coding Things College/MARS/image relay practice thing/image-relay-practice-project/src/install/my_package/share/my_package/hook/ament_prefix_path.dsv'
[6.096s] INFO:colcon.colcon_core.shell:Creating environment hook '/mnt/c/Users/maddo/OneDrive - University of Virginia/Coding Things College/MARS/image relay practice thing/image-relay-practice-project/src/install/my_package/share/my_package/hook/ament_prefix_path.sh'
[6.173s] INFO:colcon.colcon_core.shell:Skip shell extension 'powershell' for command environment: Not usable outside of PowerShell
[6.173s] DEBUG:colcon.colcon_core.shell:Skip shell extension 'dsv' for command environment
[6.552s] INFO:colcon.colcon_ros.task.ament_python.build:Building ROS package in '/mnt/c/Users/maddo/OneDrive - University of Virginia/Coding Things College/MARS/image relay practice thing/image-relay-practice-project/src/package_name' with build type 'ament_python'
[6.553s] Level 1:colcon.colcon_core.shell:create_environment_hook('package_name', 'ament_prefix_path')
[6.555s] INFO:colcon.colcon_core.shell:Creating environment hook '/mnt/c/Users/maddo/OneDrive - University of Virginia/Coding Things College/MARS/image relay practice thing/image-relay-practice-project/src/install/package_name/share/package_name/hook/ament_prefix_path.ps1'
[6.640s] INFO:colcon.colcon_core.shell:Creating environment descriptor '/mnt/c/Users/maddo/OneDrive - University of Virginia/Coding Things College/MARS/image relay practice thing/image-relay-practice-project/src/install/package_name/share/package_name/hook/ament_prefix_path.dsv'
[6.718s] INFO:colcon.colcon_core.shell:Creating environment hook '/mnt/c/Users/maddo/OneDrive - University of Virginia/Coding Things College/MARS/image relay practice thing/image-relay-practice-project/src/install/package_name/share/package_name/hook/ament_prefix_path.sh'
[6.804s] INFO:colcon.colcon_core.shell:Skip shell extension 'powershell' for command environment: Not usable outside of PowerShell
[6.805s] DEBUG:colcon.colcon_core.shell:Skip shell extension 'dsv' for command environment
[10.453s] INFO:colcon.colcon_core.task.python.build:Building Python package in '/mnt/c/Users/maddo/OneDrive - University of Virginia/Coding Things College/MARS/image relay practice thing/image-relay-practice-project/src/example_package'
[10.455s] INFO:colcon.colcon_core.shell:Skip shell extension 'powershell' for command environment: Not usable outside of PowerShell
[10.456s] DEBUG:colcon.colcon_core.shell:Skip shell extension 'dsv' for command environment
[15.986s] INFO:colcon.colcon_core.task.python.build:Building Python package in '/mnt/c/Users/maddo/OneDrive - University of Virginia/Coding Things College/MARS/image relay practice thing/image-relay-practice-project/src/my_package'
[15.988s] INFO:colcon.colcon_core.shell:Skip shell extension 'powershell' for command environment: Not usable outside of PowerShell
[15.988s] DEBUG:colcon.colcon_core.shell:Skip shell extension 'dsv' for command environment
[21.240s] INFO:colcon.colcon_core.task.python.build:Building Python package in '/mnt/c/Users/maddo/OneDrive - University of Virginia/Coding Things College/MARS/image relay practice thing/image-relay-practice-project/src/package_name'
[21.242s] INFO:colcon.colcon_core.shell:Skip shell extension 'powershell' for command environment: Not usable outside of PowerShell
[21.243s] DEBUG:colcon.colcon_core.shell:Skip shell extension 'dsv' for command environment
[29.010s] DEBUG:colcon.colcon_core.event_handler.log_command:Invoking command in '/mnt/c/Users/maddo/OneDrive - University of Virginia/Coding Things College/MARS/image relay practice thing/image-relay-practice-project/src/package_name': PYTHONPATH=/mnt/c/Users/maddo/OneDrive - University of Virginia/Coding Things College/MARS/image relay practice thing/image-relay-practice-project/src/build/package_name/prefix_override:/usr/lib/python3/dist-packages/colcon_core/task/python/colcon_distutils_commands:/mnt/c/Users/maddo/OneDrive - University of Virginia/Coding Things College/MARS/image relay practice thing/image-relay-practice-project/src/install/package_name/lib/python3.12/site-packages:${PYTHONPATH} /usr/bin/python3 -W ignore:setup.py install is deprecated -W ignore:easy_install command is deprecated setup.py egg_info --egg-base ../build/package_name build --build-base /mnt/c/Users/maddo/OneDrive - University of Virginia/Coding Things College/MARS/image relay practice thing/image-relay-practice-project/src/build/package_name/build install --record /mnt/c/Users/maddo/OneDrive - University of Virginia/Coding Things College/MARS/image relay practice thing/image-relay-practice-project/src/build/package_name/install.log --single-version-externally-managed install_data
[29.207s] DEBUG:colcon.colcon_core.event_handler.log_command:Invoking command in '/mnt/c/Users/maddo/OneDrive - University of Virginia/Coding Things College/MARS/image relay practice thing/image-relay-practice-project/src/example_package': PYTHONPATH=/mnt/c/Users/maddo/OneDrive - University of Virginia/Coding Things College/MARS/image relay practice thing/image-relay-practice-project/src/build/example_package/prefix_override:/usr/lib/python3/dist-packages/colcon_core/task/python/colcon_distutils_commands:/mnt/c/Users/maddo/OneDrive - University of Virginia/Coding Things College/MARS/image relay practice thing/image-relay-practice-project/src/install/example_package/lib/python3.12/site-packages:${PYTHONPATH} /usr/bin/python3 -W ignore:setup.py install is deprecated -W ignore:easy_install command is deprecated setup.py egg_info --egg-base ../build/example_package build --build-base /mnt/c/Users/maddo/OneDrive - University of Virginia/Coding Things College/MARS/image relay practice thing/image-relay-practice-project/src/build/example_package/build install --record /mnt/c/Users/maddo/OneDrive - University of Virginia/Coding Things College/MARS/image relay practice thing/image-relay-practice-project/src/build/example_package/install.log --single-version-externally-managed install_data
[29.265s] DEBUG:colcon.colcon_core.event_handler.log_command:Invoking command in '/mnt/c/Users/maddo/OneDrive - University of Virginia/Coding Things College/MARS/image relay practice thing/image-relay-practice-project/src/my_package': PYTHONPATH=/mnt/c/Users/maddo/OneDrive - University of Virginia/Coding Things College/MARS/image relay practice thing/image-relay-practice-project/src/build/my_package/prefix_override:/usr/lib/python3/dist-packages/colcon_core/task/python/colcon_distutils_commands:/mnt/c/Users/maddo/OneDrive - University of Virginia/Coding Things College/MARS/image relay practice thing/image-relay-practice-project/src/install/my_package/lib/python3.12/site-packages:${PYTHONPATH} /usr/bin/python3 -W ignore:setup.py install is deprecated -W ignore:easy_install command is deprecated setup.py egg_info --egg-base ../build/my_package build --build-base /mnt/c/Users/maddo/OneDrive - University of Virginia/Coding Things College/MARS/image relay practice thing/image-relay-practice-project/src/build/my_package/build install --record /mnt/c/Users/maddo/OneDrive - University of Virginia/Coding Things College/MARS/image relay practice thing/image-relay-practice-project/src/build/my_package/install.log --single-version-externally-managed install_data
[37.632s] DEBUG:colcon.colcon_core.event_handler.log_command:Invoked command in '/mnt/c/Users/maddo/OneDrive - University of Virginia/Coding Things College/MARS/image relay practice thing/image-relay-practice-project/src/example_package' returned '0': PYTHONPATH=/mnt/c/Users/maddo/OneDrive - University of Virginia/Coding Things College/MARS/image relay practice thing/image-relay-practice-project/src/build/example_package/prefix_override:/usr/lib/python3/dist-packages/colcon_core/task/python/colcon_distutils_commands:/mnt/c/Users/maddo/OneDrive - University of Virginia/Coding Things College/MARS/image relay practice thing/image-relay-practice-project/src/install/example_package/lib/python3.12/site-packages:${PYTHONPATH} /usr/bin/python3 -W ignore:setup.py install is deprecated -W ignore:easy_install command is deprecated setup.py egg_info --egg-base ../build/example_package build --build-base /mnt/c/Users/maddo/OneDrive - University of Virginia/Coding Things College/MARS/image relay practice thing/image-relay-practice-project/src/build/example_package/build install --record /mnt/c/Users/maddo/OneDrive - University of Virginia/Coding Things College/MARS/image relay practice thing/image-relay-practice-project/src/build/example_package/install.log --single-version-externally-managed install_data
[37.722s] Level 1:colcon.colcon_core.environment:checking '/mnt/c/Users/maddo/OneDrive - University of Virginia/Coding Things College/MARS/image relay practice thing/image-relay-practice-project/src/install/example_package' for CMake module files
[37.873s] Level 1:colcon.colcon_core.environment:checking '/mnt/c/Users/maddo/OneDrive - University of Virginia/Coding Things College/MARS/image relay practice thing/image-relay-practice-project/src/install/example_package' for CMake config files
[36.448s] Level 1:colcon.colcon_core.environment:checking '/mnt/c/Users/maddo/OneDrive - University of Virginia/Coding Things College/MARS/image relay practice thing/image-relay-practice-project/src/install/example_package/lib'
[36.466s] Level 1:colcon.colcon_core.environment:checking '/mnt/c/Users/maddo/OneDrive - University of Virginia/Coding Things College/MARS/image relay practice thing/image-relay-practice-project/src/install/example_package/bin'
[36.470s] Level 1:colcon.colcon_core.environment:checking '/mnt/c/Users/maddo/OneDrive - University of Virginia/Coding Things College/MARS/image relay practice thing/image-relay-practice-project/src/install/example_package/lib/pkgconfig/example_package.pc'
[36.478s] Level 1:colcon.colcon_core.environment:checking '/mnt/c/Users/maddo/OneDrive - University of Virginia/Coding Things College/MARS/image relay practice thing/image-relay-practice-project/src/install/example_package/lib/python3.12/site-packages'
[36.490s] Level 1:colcon.colcon_core.shell:create_environment_hook('example_package', 'pythonpath')
[36.492s] INFO:colcon.colcon_core.shell:Creating environment hook '/mnt/c/Users/maddo/OneDrive - University of Virginia/Coding Things College/MARS/image relay practice thing/image-relay-practice-project/src/install/example_package/share/example_package/hook/pythonpath.ps1'
[36.554s] INFO:colcon.colcon_core.shell:Creating environment descriptor '/mnt/c/Users/maddo/OneDrive - University of Virginia/Coding Things College/MARS/image relay practice thing/image-relay-practice-project/src/install/example_package/share/example_package/hook/pythonpath.dsv'
[36.603s] INFO:colcon.colcon_core.shell:Creating environment hook '/mnt/c/Users/maddo/OneDrive - University of Virginia/Coding Things College/MARS/image relay practice thing/image-relay-practice-project/src/install/example_package/share/example_package/hook/pythonpath.sh'
[36.672s] Level 1:colcon.colcon_core.environment:checking '/mnt/c/Users/maddo/OneDrive - University of Virginia/Coding Things College/MARS/image relay practice thing/image-relay-practice-project/src/install/example_package/bin'
[36.678s] Level 1:colcon.colcon_core.environment:create_environment_scripts_only(example_package)
[36.679s] INFO:colcon.colcon_core.shell:Creating package script '/mnt/c/Users/maddo/OneDrive - University of Virginia/Coding Things College/MARS/image relay practice thing/image-relay-practice-project/src/install/example_package/share/example_package/package.ps1'
[36.726s] INFO:colcon.colcon_core.shell:Creating package descriptor '/mnt/c/Users/maddo/OneDrive - University of Virginia/Coding Things College/MARS/image relay practice thing/image-relay-practice-project/src/install/example_package/share/example_package/package.dsv'
[36.773s] INFO:colcon.colcon_core.shell:Creating package script '/mnt/c/Users/maddo/OneDrive - University of Virginia/Coding Things College/MARS/image relay practice thing/image-relay-practice-project/src/install/example_package/share/example_package/package.sh'
[36.834s] INFO:colcon.colcon_core.shell:Creating package script '/mnt/c/Users/maddo/OneDrive - University of Virginia/Coding Things College/MARS/image relay practice thing/image-relay-practice-project/src/install/example_package/share/example_package/package.bash'
[36.900s] INFO:colcon.colcon_core.shell:Creating package script '/mnt/c/Users/maddo/OneDrive - University of Virginia/Coding Things College/MARS/image relay practice thing/image-relay-practice-project/src/install/example_package/share/example_package/package.zsh'
[36.955s] Level 1:colcon.colcon_core.environment:create_file_with_runtime_dependencies(/mnt/c/Users/maddo/OneDrive - University of Virginia/Coding Things College/MARS/image relay practice thing/image-relay-practice-project/src/install/example_package/share/colcon-core/packages/example_package)
[37.000s] Level 1:colcon.colcon_core.environment:checking '/mnt/c/Users/maddo/OneDrive - University of Virginia/Coding Things College/MARS/image relay practice thing/image-relay-practice-project/src/install/package_name' for CMake module files
[37.043s] DEBUG:colcon.colcon_core.event_handler.log_command:Invoked command in '/mnt/c/Users/maddo/OneDrive - University of Virginia/Coding Things College/MARS/image relay practice thing/image-relay-practice-project/src/package_name' returned '0': PYTHONPATH=/mnt/c/Users/maddo/OneDrive - University of Virginia/Coding Things College/MARS/image relay practice thing/image-relay-practice-project/src/build/package_name/prefix_override:/usr/lib/python3/dist-packages/colcon_core/task/python/colcon_distutils_commands:/mnt/c/Users/maddo/OneDrive - University of Virginia/Coding Things College/MARS/image relay practice thing/image-relay-practice-project/src/install/package_name/lib/python3.12/site-packages:${PYTHONPATH} /usr/bin/python3 -W ignore:setup.py install is deprecated -W ignore:easy_install command is deprecated setup.py egg_info --egg-base ../build/package_name build --build-base /mnt/c/Users/maddo/OneDrive - University of Virginia/Coding Things College/MARS/image relay practice thing/image-relay-practice-project/src/build/package_name/build install --record /mnt/c/Users/maddo/OneDrive - University of Virginia/Coding Things College/MARS/image relay practice thing/image-relay-practice-project/src/build/package_name/install.log --single-version-externally-managed install_data
[37.144s] Level 1:colcon.colcon_core.environment:checking '/mnt/c/Users/maddo/OneDrive - University of Virginia/Coding Things College/MARS/image relay practice thing/image-relay-practice-project/src/install/package_name' for CMake config files
[37.597s] Level 1:colcon.colcon_core.environment:checking '/mnt/c/Users/maddo/OneDrive - University of Virginia/Coding Things College/MARS/image relay practice thing/image-relay-practice-project/src/install/package_name/lib'
[37.622s] Level 1:colcon.colcon_core.environment:checking '/mnt/c/Users/maddo/OneDrive - University of Virginia/Coding Things College/MARS/image relay practice thing/image-relay-practice-project/src/install/package_name/bin'
[37.629s] Level 1:colcon.colcon_core.environment:checking '/mnt/c/Users/maddo/OneDrive - University of Virginia/Coding Things College/MARS/image relay practice thing/image-relay-practice-project/src/install/package_name/lib/pkgconfig/package_name.pc'
[37.640s] Level 1:colcon.colcon_core.environment:checking '/mnt/c/Users/maddo/OneDrive - University of Virginia/Coding Things College/MARS/image relay practice thing/image-relay-practice-project/src/install/package_name/lib/python3.12/site-packages'
[37.656s] Level 1:colcon.colcon_core.shell:create_environment_hook('package_name', 'pythonpath')
[37.658s] INFO:colcon.colcon_core.shell:Creating environment hook '/mnt/c/Users/maddo/OneDrive - University of Virginia/Coding Things College/MARS/image relay practice thing/image-relay-practice-project/src/install/package_name/share/package_name/hook/pythonpath.ps1'
[37.748s] INFO:colcon.colcon_core.shell:Creating environment descriptor '/mnt/c/Users/maddo/OneDrive - University of Virginia/Coding Things College/MARS/image relay practice thing/image-relay-practice-project/src/install/package_name/share/package_name/hook/pythonpath.dsv'
[37.839s] INFO:colcon.colcon_core.shell:Creating environment hook '/mnt/c/Users/maddo/OneDrive - University of Virginia/Coding Things College/MARS/image relay practice thing/image-relay-practice-project/src/install/package_name/share/package_name/hook/pythonpath.sh'
[37.922s] Level 1:colcon.colcon_core.environment:checking '/mnt/c/Users/maddo/OneDrive - University of Virginia/Coding Things College/MARS/image relay practice thing/image-relay-practice-project/src/install/package_name/bin'
[37.930s] Level 1:colcon.colcon_core.environment:create_environment_scripts_only(package_name)
[37.932s] INFO:colcon.colcon_core.shell:Creating package script '/mnt/c/Users/maddo/OneDrive - University of Virginia/Coding Things College/MARS/image relay practice thing/image-relay-practice-project/src/install/package_name/share/package_name/package.ps1'
[38.010s] INFO:colcon.colcon_core.shell:Creating package descriptor '/mnt/c/Users/maddo/OneDrive - University of Virginia/Coding Things College/MARS/image relay practice thing/image-relay-practice-project/src/install/package_name/share/package_name/package.dsv'
[38.087s] INFO:colcon.colcon_core.shell:Creating package script '/mnt/c/Users/maddo/OneDrive - University of Virginia/Coding Things College/MARS/image relay practice thing/image-relay-practice-project/src/install/package_name/share/package_name/package.sh'
[38.159s] INFO:colcon.colcon_core.shell:Creating package script '/mnt/c/Users/maddo/OneDrive - University of Virginia/Coding Things College/MARS/image relay practice thing/image-relay-practice-project/src/install/package_name/share/package_name/package.bash'
[38.225s] INFO:colcon.colcon_core.shell:Creating package script '/mnt/c/Users/maddo/OneDrive - University of Virginia/Coding Things College/MARS/image relay practice thing/image-relay-practice-project/src/install/package_name/share/package_name/package.zsh'
[38.301s] Level 1:colcon.colcon_core.environment:create_file_with_runtime_dependencies(/mnt/c/Users/maddo/OneDrive - University of Virginia/Coding Things College/MARS/image relay practice thing/image-relay-practice-project/src/install/package_name/share/colcon-core/packages/package_name)
[38.359s] Level 1:colcon.colcon_core.environment:checking '/mnt/c/Users/maddo/OneDrive - University of Virginia/Coding Things College/MARS/image relay practice thing/image-relay-practice-project/src/install/my_package' for CMake module files
[38.406s] DEBUG:colcon.colcon_core.event_handler.log_command:Invoked command in '/mnt/c/Users/maddo/OneDrive - University of Virginia/Coding Things College/MARS/image relay practice thing/image-relay-practice-project/src/my_package' returned '0': PYTHONPATH=/mnt/c/Users/maddo/OneDrive - University of Virginia/Coding Things College/MARS/image relay practice thing/image-relay-practice-project/src/build/my_package/prefix_override:/usr/lib/python3/dist-packages/colcon_core/task/python/colcon_distutils_commands:/mnt/c/Users/maddo/OneDrive - University of Virginia/Coding Things College/MARS/image relay practice thing/image-relay-practice-project/src/install/my_package/lib/python3.12/site-packages:${PYTHONPATH} /usr/bin/python3 -W ignore:setup.py install is deprecated -W ignore:easy_install command is deprecated setup.py egg_info --egg-base ../build/my_package build --build-base /mnt/c/Users/maddo/OneDrive - University of Virginia/Coding Things College/MARS/image relay practice thing/image-relay-practice-project/src/build/my_package/build install --record /mnt/c/Users/maddo/OneDrive - University of Virginia/Coding Things College/MARS/image relay practice thing/image-relay-practice-project/src/build/my_package/install.log --single-version-externally-managed install_data
[38.659s] Level 1:colcon.colcon_core.environment:checking '/mnt/c/Users/maddo/OneDrive - University of Virginia/Coding Things College/MARS/image relay practice thing/image-relay-practice-project/src/install/my_package' for CMake config files
[39.161s] Level 1:colcon.colcon_core.environment:checking '/mnt/c/Users/maddo/OneDrive - University of Virginia/Coding Things College/MARS/image relay practice thing/image-relay-practice-project/src/install/my_package/lib'
[39.184s] Level 1:colcon.colcon_core.environment:checking '/mnt/c/Users/maddo/OneDrive - University of Virginia/Coding Things College/MARS/image relay practice thing/image-relay-practice-project/src/install/my_package/bin'
[39.191s] Level 1:colcon.colcon_core.environment:checking '/mnt/c/Users/maddo/OneDrive - University of Virginia/Coding Things College/MARS/image relay practice thing/image-relay-practice-project/src/install/my_package/lib/pkgconfig/my_package.pc'
[39.202s] Level 1:colcon.colcon_core.environment:checking '/mnt/c/Users/maddo/OneDrive - University of Virginia/Coding Things College/MARS/image relay practice thing/image-relay-practice-project/src/install/my_package/lib/python3.12/site-packages'
[39.217s] Level 1:colcon.colcon_core.shell:create_environment_hook('my_package', 'pythonpath')
[39.218s] INFO:colcon.colcon_core.shell:Creating environment hook '/mnt/c/Users/maddo/OneDrive - University of Virginia/Coding Things College/MARS/image relay practice thing/image-relay-practice-project/src/install/my_package/share/my_package/hook/pythonpath.ps1'
[39.300s] INFO:colcon.colcon_core.shell:Creating environment descriptor '/mnt/c/Users/maddo/OneDrive - University of Virginia/Coding Things College/MARS/image relay practice thing/image-relay-practice-project/src/install/my_package/share/my_package/hook/pythonpath.dsv'
[39.377s] INFO:colcon.colcon_core.shell:Creating environment hook '/mnt/c/Users/maddo/OneDrive - University of Virginia/Coding Things College/MARS/image relay practice thing/image-relay-practice-project/src/install/my_package/share/my_package/hook/pythonpath.sh'
[39.454s] Level 1:colcon.colcon_core.environment:checking '/mnt/c/Users/maddo/OneDrive - University of Virginia/Coding Things College/MARS/image relay practice thing/image-relay-practice-project/src/install/my_package/bin'
[39.461s] Level 1:colcon.colcon_core.environment:create_environment_scripts_only(my_package)
[39.462s] INFO:colcon.colcon_core.shell:Creating package script '/mnt/c/Users/maddo/OneDrive - University of Virginia/Coding Things College/MARS/image relay practice thing/image-relay-practice-project/src/install/my_package/share/my_package/package.ps1'
[39.524s] INFO:colcon.colcon_core.shell:Creating package descriptor '/mnt/c/Users/maddo/OneDrive - University of Virginia/Coding Things College/MARS/image relay practice thing/image-relay-practice-project/src/install/my_package/share/my_package/package.dsv'
[39.588s] INFO:colcon.colcon_core.shell:Creating package script '/mnt/c/Users/maddo/OneDrive - University of Virginia/Coding Things College/MARS/image relay practice thing/image-relay-practice-project/src/install/my_package/share/my_package/package.sh'
[39.654s] INFO:colcon.colcon_core.shell:Creating package script '/mnt/c/Users/maddo/OneDrive - University of Virginia/Coding Things College/MARS/image relay practice thing/image-relay-practice-project/src/install/my_package/share/my_package/package.bash'
[39.722s] INFO:colcon.colcon_core.shell:Creating package script '/mnt/c/Users/maddo/OneDrive - University of Virginia/Coding Things College/MARS/image relay practice thing/image-relay-practice-project/src/install/my_package/share/my_package/package.zsh'
[39.786s] Level 1:colcon.colcon_core.environment:create_file_with_runtime_dependencies(/mnt/c/Users/maddo/OneDrive - University of Virginia/Coding Things College/MARS/image relay practice thing/image-relay-practice-project/src/install/my_package/share/colcon-core/packages/my_package)
[39.837s] DEBUG:colcon.colcon_parallel_executor.executor.parallel:closing loop
[39.839s] DEBUG:colcon.colcon_parallel_executor.executor.parallel:loop closed
[39.840s] DEBUG:colcon.colcon_parallel_executor.executor.parallel:run_until_complete finished with '0'
[39.841s] DEBUG:colcon.colcon_core.event_reactor:joining thread
[40.292s] INFO:colcon.colcon_core.plugin_system:Skipping extension 'colcon_notification.desktop_notification.notify_send': Could not find 'notify-send'
[40.293s] INFO:colcon.colcon_core.plugin_system:Skipping extension 'colcon_notification.desktop_notification.terminal_notifier': Not used on non-Darwin systems
[40.294s] INFO:colcon.colcon_core.plugin_system:Skipping extension 'colcon_notification.desktop_notification.win32': Not used on non-Windows systems
[40.295s] INFO:colcon.colcon_notification.desktop_notification:Sending desktop notification using 'notify2'
[40.298s] DEBUG:colcon.colcon_notification.desktop_notification.notify2:Failed to initialize notify2: org.freedesktop.DBus.Error.ServiceUnknown: The name org.freedesktop.Notifications was not provided by any .service files
[40.299s] DEBUG:colcon.colcon_core.event_reactor:joined thread
[40.301s] INFO:colcon.colcon_core.shell:Creating prefix script '/mnt/c/Users/maddo/OneDrive - University of Virginia/Coding Things College/MARS/image relay practice thing/image-relay-practice-project/src/install/local_setup.ps1'
[40.330s] INFO:colcon.colcon_core.shell:Creating prefix util module '/mnt/c/Users/maddo/OneDrive - University of Virginia/Coding Things College/MARS/image relay practice thing/image-relay-practice-project/src/install/_local_setup_util_ps1.py'
[40.371s] INFO:colcon.colcon_core.shell:Creating prefix chain script '/mnt/c/Users/maddo/OneDrive - University of Virginia/Coding Things College/MARS/image relay practice thing/image-relay-practice-project/src/install/setup.ps1'
[40.541s] INFO:colcon.colcon_core.shell:Creating prefix script '/mnt/c/Users/maddo/OneDrive - University of Virginia/Coding Things College/MARS/image relay practice thing/image-relay-practice-project/src/install/local_setup.sh'
[40.574s] INFO:colcon.colcon_core.shell:Creating prefix util module '/mnt/c/Users/maddo/OneDrive - University of Virginia/Coding Things College/MARS/image relay practice thing/image-relay-practice-project/src/install/_local_setup_util_sh.py'
[40.605s] INFO:colcon.colcon_core.shell:Creating prefix chain script '/mnt/c/Users/maddo/OneDrive - University of Virginia/Coding Things College/MARS/image relay practice thing/image-relay-practice-project/src/install/setup.sh'
[40.760s] INFO:colcon.colcon_core.shell:Creating prefix script '/mnt/c/Users/maddo/OneDrive - University of Virginia/Coding Things College/MARS/image relay practice thing/image-relay-practice-project/src/install/local_setup.bash'
[40.797s] INFO:colcon.colcon_core.shell:Creating prefix chain script '/mnt/c/Users/maddo/OneDrive - University of Virginia/Coding Things College/MARS/image relay practice thing/image-relay-practice-project/src/install/setup.bash'
[40.932s] INFO:colcon.colcon_core.shell:Creating prefix script '/mnt/c/Users/maddo/OneDrive - University of Virginia/Coding Things College/MARS/image relay practice thing/image-relay-practice-project/src/install/local_setup.zsh'
[40.962s] INFO:colcon.colcon_core.shell:Creating prefix chain script '/mnt/c/Users/maddo/OneDrive - University of Virginia/Coding Things College/MARS/image relay practice thing/image-relay-practice-project/src/install/setup.zsh'
