[0.044s] DEBUG:colcon:Command line arguments: ['/usr/bin/colcon', 'build']
[0.044s] DEBUG:colcon:Parsed command line arguments: Namespace(log_base=None, log_level=None, verb_name='build', build_base='build', install_base='install', merge_install=False, symlink_install=False, test_result_base=None, continue_on_error=False, executor='parallel', parallel_workers=6, event_handlers=None, ignore_user_meta=False, metas=['./colcon.meta'], base_paths=['.'], packages_ignore=None, packages_ignore_regex=None, paths=None, packages_up_to=None, packages_up_to_regex=None, packages_above=None, packages_above_and_dependencies=None, packages_above_depth=None, packages_select_by_dep=None, packages_skip_by_dep=None, packages_skip_up_to=None, packages_select_build_failed=False, packages_skip_build_finished=False, packages_select_test_failures=False, packages_skip_test_passed=False, packages_select=None, packages_skip=None, packages_select_regex=None, packages_skip_regex=None, packages_start=None, packages_end=None, cmake_args=None, cmake_target=None, cmake_target_skip_unavailable=False, cmake_clean_cache=False, cmake_clean_first=False, cmake_force_configure=False, ament_cmake_args=None, catkin_cmake_args=None, catkin_skip_building_tests=False, verb_parser=<colcon_defaults.argument_parser.defaults.DefaultArgumentsDecorator object at 0xff8aaf61a030>, verb_extension=<colcon_core.verb.build.BuildVerb object at 0xff8aaf619e50>, main=<bound method BuildVerb.main of <colcon_core.verb.build.BuildVerb object at 0xff8aaf619e50>>)
[0.059s] Level 1:colcon.colcon_core.package_discovery:discover_packages(colcon_meta) check parameters
[0.059s] Level 1:colcon.colcon_core.package_discovery:discover_packages(recursive) check parameters
[0.059s] Level 1:colcon.colcon_core.package_discovery:discover_packages(ignore) check parameters
[0.059s] Level 1:colcon.colcon_core.package_discovery:discover_packages(path) check parameters
[0.059s] Level 1:colcon.colcon_core.package_discovery:discover_packages(colcon_meta) discover
[0.059s] Level 1:colcon.colcon_core.package_discovery:discover_packages(recursive) discover
[0.059s] INFO:colcon.colcon_core.package_discovery:Crawling recursively for packages in '/home/logan/image-relay-practice-project'
[0.059s] Level 1:colcon.colcon_core.package_identification:_identify(.) by extensions ['ignore', 'ignore_ament_install']
[0.059s] Level 1:colcon.colcon_core.package_identification:_identify(.) by extension 'ignore'
[0.059s] Level 1:colcon.colcon_core.package_identification:_identify(.) by extension 'ignore_ament_install'
[0.060s] Level 1:colcon.colcon_core.package_identification:_identify(.) by extensions ['colcon_pkg']
[0.060s] Level 1:colcon.colcon_core.package_identification:_identify(.) by extension 'colcon_pkg'
[0.060s] Level 1:colcon.colcon_core.package_identification:_identify(.) by extensions ['colcon_meta']
[0.060s] Level 1:colcon.colcon_core.package_identification:_identify(.) by extension 'colcon_meta'
[0.060s] Level 1:colcon.colcon_core.package_identification:_identify(.) by extensions ['ros']
[0.060s] Level 1:colcon.colcon_core.package_identification:_identify(.) by extension 'ros'
[0.071s] Level 1:colcon.colcon_core.package_identification:_identify(.) by extensions ['cmake', 'python']
[0.071s] Level 1:colcon.colcon_core.package_identification:_identify(.) by extension 'cmake'
[0.071s] Level 1:colcon.colcon_core.package_identification:_identify(.) by extension 'python'
[0.071s] Level 1:colcon.colcon_core.package_identification:_identify(.) by extensions ['python_setup_py']
[0.071s] Level 1:colcon.colcon_core.package_identification:_identify(.) by extension 'python_setup_py'
[0.071s] Level 1:colcon.colcon_core.package_identification:_identify(build) by extensions ['ignore', 'ignore_ament_install']
[0.071s] Level 1:colcon.colcon_core.package_identification:_identify(build) by extension 'ignore'
[0.071s] Level 1:colcon.colcon_core.package_identification:_identify(build) ignored
[0.071s] Level 1:colcon.colcon_core.package_identification:_identify(chessboard_corner_detector) by extensions ['ignore', 'ignore_ament_install']
[0.071s] Level 1:colcon.colcon_core.package_identification:_identify(chessboard_corner_detector) by extension 'ignore'
[0.071s] Level 1:colcon.colcon_core.package_identification:_identify(chessboard_corner_detector) by extension 'ignore_ament_install'
[0.071s] Level 1:colcon.colcon_core.package_identification:_identify(chessboard_corner_detector) by extensions ['colcon_pkg']
[0.071s] Level 1:colcon.colcon_core.package_identification:_identify(chessboard_corner_detector) by extension 'colcon_pkg'
[0.071s] Level 1:colcon.colcon_core.package_identification:_identify(chessboard_corner_detector) by extensions ['colcon_meta']
[0.071s] Level 1:colcon.colcon_core.package_identification:_identify(chessboard_corner_detector) by extension 'colcon_meta'
[0.071s] Level 1:colcon.colcon_core.package_identification:_identify(chessboard_corner_detector) by extensions ['ros']
[0.072s] Level 1:colcon.colcon_core.package_identification:_identify(chessboard_corner_detector) by extension 'ros'
[0.073s] DEBUG:colcon.colcon_core.package_identification:Package 'chessboard_corner_detector' with type 'ros.ament_python' and name 'chessboard_corner_detector'
[0.073s] Level 1:colcon.colcon_core.package_identification:_identify(install) by extensions ['ignore', 'ignore_ament_install']
[0.073s] Level 1:colcon.colcon_core.package_identification:_identify(install) by extension 'ignore'
[0.073s] Level 1:colcon.colcon_core.package_identification:_identify(install) ignored
[0.073s] Level 1:colcon.colcon_core.package_identification:_identify(log) by extensions ['ignore', 'ignore_ament_install']
[0.073s] Level 1:colcon.colcon_core.package_identification:_identify(log) by extension 'ignore'
[0.073s] Level 1:colcon.colcon_core.package_identification:_identify(log) ignored
[0.073s] Level 1:colcon.colcon_core.package_identification:_identify(src) by extensions ['ignore', 'ignore_ament_install']
[0.073s] Level 1:colcon.colcon_core.package_identification:_identify(src) by extension 'ignore'
[0.073s] Level 1:colcon.colcon_core.package_identification:_identify(src) by extension 'ignore_ament_install'
[0.073s] Level 1:colcon.colcon_core.package_identification:_identify(src) by extensions ['colcon_pkg']
[0.073s] Level 1:colcon.colcon_core.package_identification:_identify(src) by extension 'colcon_pkg'
[0.073s] Level 1:colcon.colcon_core.package_identification:_identify(src) by extensions ['colcon_meta']
[0.073s] Level 1:colcon.colcon_core.package_identification:_identify(src) by extension 'colcon_meta'
[0.073s] Level 1:colcon.colcon_core.package_identification:_identify(src) by extensions ['ros']
[0.073s] Level 1:colcon.colcon_core.package_identification:_identify(src) by extension 'ros'
[0.073s] Level 1:colcon.colcon_core.package_identification:_identify(src) by extensions ['cmake', 'python']
[0.073s] Level 1:colcon.colcon_core.package_identification:_identify(src) by extension 'cmake'
[0.073s] Level 1:colcon.colcon_core.package_identification:_identify(src) by extension 'python'
[0.073s] Level 1:colcon.colcon_core.package_identification:_identify(src) by extensions ['python_setup_py']
[0.073s] Level 1:colcon.colcon_core.package_identification:_identify(src) by extension 'python_setup_py'
[0.073s] Level 1:colcon.colcon_core.package_identification:_identify(src/example_package) by extensions ['ignore', 'ignore_ament_install']
[0.073s] Level 1:colcon.colcon_core.package_identification:_identify(src/example_package) by extension 'ignore'
[0.073s] Level 1:colcon.colcon_core.package_identification:_identify(src/example_package) by extension 'ignore_ament_install'
[0.073s] Level 1:colcon.colcon_core.package_identification:_identify(src/example_package) by extensions ['colcon_pkg']
[0.073s] Level 1:colcon.colcon_core.package_identification:_identify(src/example_package) by extension 'colcon_pkg'
[0.073s] Level 1:colcon.colcon_core.package_identification:_identify(src/example_package) by extensions ['colcon_meta']
[0.073s] Level 1:colcon.colcon_core.package_identification:_identify(src/example_package) by extension 'colcon_meta'
[0.073s] Level 1:colcon.colcon_core.package_identification:_identify(src/example_package) by extensions ['ros']
[0.073s] Level 1:colcon.colcon_core.package_identification:_identify(src/example_package) by extension 'ros'
[0.074s] DEBUG:colcon.colcon_core.package_identification:Package 'src/example_package' with type 'ros.ament_python' and name 'example_package'
[0.074s] Level 1:colcon.colcon_core.package_discovery:discover_packages(recursive) using defaults
[0.074s] Level 1:colcon.colcon_core.package_discovery:discover_packages(ignore) discover
[0.074s] Level 1:colcon.colcon_core.package_discovery:discover_packages(ignore) using defaults
[0.074s] Level 1:colcon.colcon_core.package_discovery:discover_packages(path) discover
[0.074s] Level 1:colcon.colcon_core.package_discovery:discover_packages(path) using defaults
[0.081s] Level 5:colcon.colcon_core.verb:set package 'chessboard_corner_detector' build argument 'cmake_args' from command line to 'None'
[0.081s] Level 5:colcon.colcon_core.verb:set package 'chessboard_corner_detector' build argument 'cmake_target' from command line to 'None'
[0.081s] Level 5:colcon.colcon_core.verb:set package 'chessboard_corner_detector' build argument 'cmake_target_skip_unavailable' from command line to 'False'
[0.081s] Level 5:colcon.colcon_core.verb:set package 'chessboard_corner_detector' build argument 'cmake_clean_cache' from command line to 'False'
[0.081s] Level 5:colcon.colcon_core.verb:set package 'chessboard_corner_detector' build argument 'cmake_clean_first' from command line to 'False'
[0.081s] Level 5:colcon.colcon_core.verb:set package 'chessboard_corner_detector' build argument 'cmake_force_configure' from command line to 'False'
[0.081s] Level 5:colcon.colcon_core.verb:set package 'chessboard_corner_detector' build argument 'ament_cmake_args' from command line to 'None'
[0.081s] Level 5:colcon.colcon_core.verb:set package 'chessboard_corner_detector' build argument 'catkin_cmake_args' from command line to 'None'
[0.081s] Level 5:colcon.colcon_core.verb:set package 'chessboard_corner_detector' build argument 'catkin_skip_building_tests' from command line to 'False'
[0.081s] DEBUG:colcon.colcon_core.verb:Building package 'chessboard_corner_detector' with the following arguments: {'ament_cmake_args': None, 'build_base': '/home/logan/image-relay-practice-project/build/chessboard_corner_detector', 'catkin_cmake_args': None, 'catkin_skip_building_tests': False, 'cmake_args': None, 'cmake_clean_cache': False, 'cmake_clean_first': False, 'cmake_force_configure': False, 'cmake_target': None, 'cmake_target_skip_unavailable': False, 'install_base': '/home/logan/image-relay-practice-project/install/chessboard_corner_detector', 'merge_install': False, 'path': '/home/logan/image-relay-practice-project/chessboard_corner_detector', 'symlink_install': False, 'test_result_base': None}
[0.081s] Level 5:colcon.colcon_core.verb:set package 'example_package' build argument 'cmake_args' from command line to 'None'
[0.081s] Level 5:colcon.colcon_core.verb:set package 'example_package' build argument 'cmake_target' from command line to 'None'
[0.081s] Level 5:colcon.colcon_core.verb:set package 'example_package' build argument 'cmake_target_skip_unavailable' from command line to 'False'
[0.081s] Level 5:colcon.colcon_core.verb:set package 'example_package' build argument 'cmake_clean_cache' from command line to 'False'
[0.081s] Level 5:colcon.colcon_core.verb:set package 'example_package' build argument 'cmake_clean_first' from command line to 'False'
[0.081s] Level 5:colcon.colcon_core.verb:set package 'example_package' build argument 'cmake_force_configure' from command line to 'False'
[0.081s] Level 5:colcon.colcon_core.verb:set package 'example_package' build argument 'ament_cmake_args' from command line to 'None'
[0.081s] Level 5:colcon.colcon_core.verb:set package 'example_package' build argument 'catkin_cmake_args' from command line to 'None'
[0.081s] Level 5:colcon.colcon_core.verb:set package 'example_package' build argument 'catkin_skip_building_tests' from command line to 'False'
[0.081s] DEBUG:colcon.colcon_core.verb:Building package 'example_package' with the following arguments: {'ament_cmake_args': None, 'build_base': '/home/logan/image-relay-practice-project/build/example_package', 'catkin_cmake_args': None, 'catkin_skip_building_tests': False, 'cmake_args': None, 'cmake_clean_cache': False, 'cmake_clean_first': False, 'cmake_force_configure': False, 'cmake_target': None, 'cmake_target_skip_unavailable': False, 'install_base': '/home/logan/image-relay-practice-project/install/example_package', 'merge_install': False, 'path': '/home/logan/image-relay-practice-project/src/example_package', 'symlink_install': False, 'test_result_base': None}
[0.081s] INFO:colcon.colcon_core.executor:Executing jobs using 'parallel' executor
[0.082s] DEBUG:colcon.colcon_parallel_executor.executor.parallel:run_until_complete
[0.082s] INFO:colcon.colcon_ros.task.ament_python.build:Building ROS package in '/home/logan/image-relay-practice-project/chessboard_corner_detector' with build type 'ament_python'
[0.082s] Level 1:colcon.colcon_core.shell:create_environment_hook('chessboard_corner_detector', 'ament_prefix_path')
[0.083s] INFO:colcon.colcon_core.plugin_system:Skipping extension 'colcon_core.shell.bat': Not used on non-Windows systems
[0.083s] INFO:colcon.colcon_core.shell:Creating environment descriptor '/home/logan/image-relay-practice-project/install/chessboard_corner_detector/share/chessboard_corner_detector/hook/ament_prefix_path.dsv'
[0.083s] INFO:colcon.colcon_core.shell:Creating environment hook '/home/logan/image-relay-practice-project/install/chessboard_corner_detector/share/chessboard_corner_detector/hook/ament_prefix_path.sh'
[0.084s] DEBUG:colcon.colcon_core.shell:Skip shell extension 'dsv' for command environment
[0.086s] INFO:colcon.colcon_ros.task.ament_python.build:Building ROS package in '/home/logan/image-relay-practice-project/src/example_package' with build type 'ament_python'
[0.086s] Level 1:colcon.colcon_core.shell:create_environment_hook('example_package', 'ament_prefix_path')
[0.086s] INFO:colcon.colcon_core.shell:Creating environment descriptor '/home/logan/image-relay-practice-project/install/example_package/share/example_package/hook/ament_prefix_path.dsv'
[0.086s] INFO:colcon.colcon_core.shell:Creating environment hook '/home/logan/image-relay-practice-project/install/example_package/share/example_package/hook/ament_prefix_path.sh'
[0.087s] DEBUG:colcon.colcon_core.shell:Skip shell extension 'dsv' for command environment
[0.191s] INFO:colcon.colcon_core.task.python.build:Building Python package in '/home/logan/image-relay-practice-project/chessboard_corner_detector'
[0.191s] DEBUG:colcon.colcon_core.shell:Skip shell extension 'dsv' for command environment
[0.287s] INFO:colcon.colcon_core.task.python.build:Building Python package in '/home/logan/image-relay-practice-project/src/example_package'
[0.287s] DEBUG:colcon.colcon_core.shell:Skip shell extension 'dsv' for command environment
[0.571s] DEBUG:colcon.colcon_core.event_handler.log_command:Invoking command in '/home/logan/image-relay-practice-project/src/example_package': DEBUGINFOD_URLS=https://debuginfod.ubuntu.com PYTHONPATH=/home/logan/image-relay-practice-project/build/example_package/prefix_override:/usr/lib/python3/dist-packages/colcon_core/task/python/colcon_distutils_commands:/home/logan/image-relay-practice-project/install/example_package/lib/python3.12/site-packages:${PYTHONPATH} /usr/bin/python3 -W ignore:setup.py install is deprecated -W ignore:easy_install command is deprecated setup.py egg_info --egg-base ../../build/example_package build --build-base /home/logan/image-relay-practice-project/build/example_package/build install --record /home/logan/image-relay-practice-project/build/example_package/install.log --single-version-externally-managed install_data
[0.572s] DEBUG:colcon.colcon_core.event_handler.log_command:Invoking command in '/home/logan/image-relay-practice-project/chessboard_corner_detector': DEBUGINFOD_URLS=https://debuginfod.ubuntu.com PYTHONPATH=/home/logan/image-relay-practice-project/build/chessboard_corner_detector/prefix_override:/usr/lib/python3/dist-packages/colcon_core/task/python/colcon_distutils_commands:/home/logan/image-relay-practice-project/install/chessboard_corner_detector/lib/python3.12/site-packages:${PYTHONPATH} /usr/bin/python3 -W ignore:setup.py install is deprecated -W ignore:easy_install command is deprecated setup.py egg_info --egg-base ../build/chessboard_corner_detector build --build-base /home/logan/image-relay-practice-project/build/chessboard_corner_detector/build install --record /home/logan/image-relay-practice-project/build/chessboard_corner_detector/install.log --single-version-externally-managed install_data
[0.832s] DEBUG:colcon.colcon_core.event_handler.log_command:Invoked command in '/home/logan/image-relay-practice-project/src/example_package' returned '0': DEBUGINFOD_URLS=https://debuginfod.ubuntu.com PYTHONPATH=/home/logan/image-relay-practice-project/build/example_package/prefix_override:/usr/lib/python3/dist-packages/colcon_core/task/python/colcon_distutils_commands:/home/logan/image-relay-practice-project/install/example_package/lib/python3.12/site-packages:${PYTHONPATH} /usr/bin/python3 -W ignore:setup.py install is deprecated -W ignore:easy_install command is deprecated setup.py egg_info --egg-base ../../build/example_package build --build-base /home/logan/image-relay-practice-project/build/example_package/build install --record /home/logan/image-relay-practice-project/build/example_package/install.log --single-version-externally-managed install_data
[0.832s] Level 1:colcon.colcon_core.environment:checking '/home/logan/image-relay-practice-project/install/example_package' for CMake module files
[0.832s] Level 1:colcon.colcon_core.environment:checking '/home/logan/image-relay-practice-project/install/example_package' for CMake config files
[0.833s] Level 1:colcon.colcon_core.environment:checking '/home/logan/image-relay-practice-project/install/example_package/lib'
[0.833s] Level 1:colcon.colcon_core.environment:checking '/home/logan/image-relay-practice-project/install/example_package/bin'
[0.833s] Level 1:colcon.colcon_core.environment:checking '/home/logan/image-relay-practice-project/install/example_package/lib/pkgconfig/example_package.pc'
[0.833s] Level 1:colcon.colcon_core.environment:checking '/home/logan/image-relay-practice-project/install/example_package/lib/python3.12/site-packages'
[0.833s] Level 1:colcon.colcon_core.shell:create_environment_hook('example_package', 'pythonpath')
[0.833s] INFO:colcon.colcon_core.shell:Creating environment descriptor '/home/logan/image-relay-practice-project/install/example_package/share/example_package/hook/pythonpath.dsv'
[0.834s] INFO:colcon.colcon_core.shell:Creating environment hook '/home/logan/image-relay-practice-project/install/example_package/share/example_package/hook/pythonpath.sh'
[0.834s] Level 1:colcon.colcon_core.environment:checking '/home/logan/image-relay-practice-project/install/example_package/bin'
[0.834s] Level 1:colcon.colcon_core.environment:create_environment_scripts_only(example_package)
[0.834s] INFO:colcon.colcon_core.shell:Creating package descriptor '/home/logan/image-relay-practice-project/install/example_package/share/example_package/package.dsv'
[0.835s] INFO:colcon.colcon_core.shell:Creating package script '/home/logan/image-relay-practice-project/install/example_package/share/example_package/package.sh'
[0.835s] INFO:colcon.colcon_core.shell:Creating package script '/home/logan/image-relay-practice-project/install/example_package/share/example_package/package.bash'
[0.835s] INFO:colcon.colcon_core.shell:Creating package script '/home/logan/image-relay-practice-project/install/example_package/share/example_package/package.zsh'
[0.836s] Level 1:colcon.colcon_core.environment:create_file_with_runtime_dependencies(/home/logan/image-relay-practice-project/install/example_package/share/colcon-core/packages/example_package)
[0.836s] Level 1:colcon.colcon_core.environment:checking '/home/logan/image-relay-practice-project/install/chessboard_corner_detector' for CMake module files
[0.837s] Level 1:colcon.colcon_core.environment:checking '/home/logan/image-relay-practice-project/install/chessboard_corner_detector' for CMake config files
[0.837s] Level 1:colcon.colcon_core.environment:checking '/home/logan/image-relay-practice-project/install/chessboard_corner_detector/lib'
[0.837s] Level 1:colcon.colcon_core.environment:checking '/home/logan/image-relay-practice-project/install/chessboard_corner_detector/bin'
[0.837s] Level 1:colcon.colcon_core.environment:checking '/home/logan/image-relay-practice-project/install/chessboard_corner_detector/lib/pkgconfig/chessboard_corner_detector.pc'
[0.838s] Level 1:colcon.colcon_core.environment:checking '/home/logan/image-relay-practice-project/install/chessboard_corner_detector/lib/python3.12/site-packages'
[0.838s] Level 1:colcon.colcon_core.shell:create_environment_hook('chessboard_corner_detector', 'pythonpath')
[0.838s] INFO:colcon.colcon_core.shell:Creating environment descriptor '/home/logan/image-relay-practice-project/install/chessboard_corner_detector/share/chessboard_corner_detector/hook/pythonpath.dsv'
[0.838s] DEBUG:colcon.colcon_core.event_handler.log_command:Invoked command in '/home/logan/image-relay-practice-project/chessboard_corner_detector' returned '0': DEBUGINFOD_URLS=https://debuginfod.ubuntu.com PYTHONPATH=/home/logan/image-relay-practice-project/build/chessboard_corner_detector/prefix_override:/usr/lib/python3/dist-packages/colcon_core/task/python/colcon_distutils_commands:/home/logan/image-relay-practice-project/install/chessboard_corner_detector/lib/python3.12/site-packages:${PYTHONPATH} /usr/bin/python3 -W ignore:setup.py install is deprecated -W ignore:easy_install command is deprecated setup.py egg_info --egg-base ../build/chessboard_corner_detector build --build-base /home/logan/image-relay-practice-project/build/chessboard_corner_detector/build install --record /home/logan/image-relay-practice-project/build/chessboard_corner_detector/install.log --single-version-externally-managed install_data
[0.838s] INFO:colcon.colcon_core.shell:Creating environment hook '/home/logan/image-relay-practice-project/install/chessboard_corner_detector/share/chessboard_corner_detector/hook/pythonpath.sh'
[0.838s] Level 1:colcon.colcon_core.environment:checking '/home/logan/image-relay-practice-project/install/chessboard_corner_detector/bin'
[0.838s] Level 1:colcon.colcon_core.environment:create_environment_scripts_only(chessboard_corner_detector)
[0.838s] INFO:colcon.colcon_core.shell:Creating package descriptor '/home/logan/image-relay-practice-project/install/chessboard_corner_detector/share/chessboard_corner_detector/package.dsv'
[0.839s] INFO:colcon.colcon_core.shell:Creating package script '/home/logan/image-relay-practice-project/install/chessboard_corner_detector/share/chessboard_corner_detector/package.sh'
[0.839s] INFO:colcon.colcon_core.shell:Creating package script '/home/logan/image-relay-practice-project/install/chessboard_corner_detector/share/chessboard_corner_detector/package.bash'
[0.839s] INFO:colcon.colcon_core.shell:Creating package script '/home/logan/image-relay-practice-project/install/chessboard_corner_detector/share/chessboard_corner_detector/package.zsh'
[0.839s] Level 1:colcon.colcon_core.environment:create_file_with_runtime_dependencies(/home/logan/image-relay-practice-project/install/chessboard_corner_detector/share/colcon-core/packages/chessboard_corner_detector)
[0.839s] DEBUG:colcon.colcon_parallel_executor.executor.parallel:closing loop
[0.839s] DEBUG:colcon.colcon_parallel_executor.executor.parallel:loop closed
[0.840s] DEBUG:colcon.colcon_parallel_executor.executor.parallel:run_until_complete finished with '0'
[0.840s] DEBUG:colcon.colcon_core.event_reactor:joining thread
[0.843s] INFO:colcon.colcon_core.plugin_system:Skipping extension 'colcon_notification.desktop_notification.terminal_notifier': Not used on non-Darwin systems
[0.843s] INFO:colcon.colcon_core.plugin_system:Skipping extension 'colcon_notification.desktop_notification.win32': Not used on non-Windows systems
[0.843s] INFO:colcon.colcon_notification.desktop_notification:Sending desktop notification using 'notify2'
[0.853s] DEBUG:colcon.colcon_core.event_reactor:joined thread
[0.853s] INFO:colcon.colcon_core.shell:Creating prefix script '/home/logan/image-relay-practice-project/install/local_setup.sh'
[0.854s] INFO:colcon.colcon_core.shell:Creating prefix util module '/home/logan/image-relay-practice-project/install/_local_setup_util_sh.py'
[0.854s] INFO:colcon.colcon_core.shell:Creating prefix chain script '/home/logan/image-relay-practice-project/install/setup.sh'
[0.855s] INFO:colcon.colcon_core.shell:Creating prefix script '/home/logan/image-relay-practice-project/install/local_setup.bash'
[0.856s] INFO:colcon.colcon_core.shell:Creating prefix chain script '/home/logan/image-relay-practice-project/install/setup.bash'
[0.857s] INFO:colcon.colcon_core.shell:Creating prefix script '/home/logan/image-relay-practice-project/install/local_setup.zsh'
[0.857s] INFO:colcon.colcon_core.shell:Creating prefix chain script '/home/logan/image-relay-practice-project/install/setup.zsh'
