running egg_info
creating ../build/package_name/package_name.egg-info
writing ../build/package_name/package_name.egg-info/PKG-INFO
writing dependency_links to ../build/package_name/package_name.egg-info/dependency_links.txt
writing requirements to ../build/package_name/package_name.egg-info/requires.txt
writing top-level names to ../build/package_name/package_name.egg-info/top_level.txt
writing manifest file '../build/package_name/package_name.egg-info/SOURCES.txt'
reading manifest file '../build/package_name/package_name.egg-info/SOURCES.txt'
adding license file 'LICENSE'
writing manifest file '../build/package_name/package_name.egg-info/SOURCES.txt'
running build
running build_py
creating /mnt/c/Users/maddo/OneDrive - University of Virginia/Coding Things College/MARS/image relay practice thing/image-relay-practice-project/src/build/package_name/build
creating /mnt/c/Users/maddo/OneDrive - University of Virginia/Coding Things College/MARS/image relay practice thing/image-relay-practice-project/src/build/package_name/build/lib
creating /mnt/c/Users/maddo/OneDrive - University of Virginia/Coding Things College/MARS/image relay practice thing/image-relay-practice-project/src/build/package_name/build/lib/package_name
copying package_name/__init__.py -> /mnt/c/Users/maddo/OneDrive - University of Virginia/Coding Things College/MARS/image relay practice thing/image-relay-practice-project/src/build/package_name/build/lib/package_name
running install
running install_lib
creating /mnt/c/Users/maddo/OneDrive - University of Virginia/Coding Things College/MARS/image relay practice thing/image-relay-practice-project/src/install/package_name/lib/python3.12/site-packages/package_name
copying /mnt/c/Users/maddo/OneDrive - University of Virginia/Coding Things College/MARS/image relay practice thing/image-relay-practice-project/src/build/package_name/build/lib/package_name/__init__.py -> /mnt/c/Users/maddo/OneDrive - University of Virginia/Coding Things College/MARS/image relay practice thing/image-relay-practice-project/src/install/package_name/lib/python3.12/site-packages/package_name
byte-compiling /mnt/c/Users/maddo/OneDrive - University of Virginia/Coding Things College/MARS/image relay practice thing/image-relay-practice-project/src/install/package_name/lib/python3.12/site-packages/package_name/__init__.py to __init__.cpython-312.pyc
running install_data
creating /mnt/c/Users/maddo/OneDrive - University of Virginia/Coding Things College/MARS/image relay practice thing/image-relay-practice-project/src/install/package_name/share/ament_index
creating /mnt/c/Users/maddo/OneDrive - University of Virginia/Coding Things College/MARS/image relay practice thing/image-relay-practice-project/src/install/package_name/share/ament_index/resource_index
creating /mnt/c/Users/maddo/OneDrive - University of Virginia/Coding Things College/MARS/image relay practice thing/image-relay-practice-project/src/install/package_name/share/ament_index/resource_index/packages
copying resource/package_name -> /mnt/c/Users/maddo/OneDrive - University of Virginia/Coding Things College/MARS/image relay practice thing/image-relay-practice-project/src/install/package_name/share/ament_index/resource_index/packages
copying package.xml -> /mnt/c/Users/maddo/OneDrive - University of Virginia/Coding Things College/MARS/image relay practice thing/image-relay-practice-project/src/install/package_name/share/package_name
running install_egg_info
Copying ../build/package_name/package_name.egg-info to /mnt/c/Users/maddo/OneDrive - University of Virginia/Coding Things College/MARS/image relay practice thing/image-relay-practice-project/src/install/package_name/lib/python3.12/site-packages/package_name-0.0.0-py3.12.egg-info
running install_scripts
writing list of installed files to '/mnt/c/Users/maddo/OneDrive - University of Virginia/Coding Things College/MARS/image relay practice thing/image-relay-practice-project/src/build/package_name/install.log'
