[24.174s] Invoking command in '/mnt/c/Users/maddo/OneDrive - University of Virginia/Coding Things College/MARS/image relay practice thing/image-relay-practice-project/src/package_name': PYTHONPATH=/mnt/c/Users/maddo/OneDrive - University of Virginia/Coding Things College/MARS/image relay practice thing/image-relay-practice-project/src/build/package_name/prefix_override:/usr/lib/python3/dist-packages/colcon_core/task/python/colcon_distutils_commands:/mnt/c/Users/maddo/OneDrive - University of Virginia/Coding Things College/MARS/image relay practice thing/image-relay-practice-project/src/install/package_name/lib/python3.12/site-packages:${PYTHONPATH} /usr/bin/python3 -W ignore:setup.py install is deprecated -W ignore:easy_install command is deprecated setup.py egg_info --egg-base ../build/package_name build --build-base /mnt/c/Users/maddo/OneDrive - University of Virginia/Coding Things College/MARS/image relay practice thing/image-relay-practice-project/src/build/package_name/build install --record /mnt/c/Users/maddo/OneDrive - University of Virginia/Coding Things College/MARS/image relay practice thing/image-relay-practice-project/src/build/package_name/install.log --single-version-externally-managed install_data
[28.622s] running egg_info
[28.709s] writing ../build/package_name/package_name.egg-info/PKG-INFO
[28.752s] writing dependency_links to ../build/package_name/package_name.egg-info/dependency_links.txt
[28.787s] writing requirements to ../build/package_name/package_name.egg-info/requires.txt
[28.803s] writing top-level names to ../build/package_name/package_name.egg-info/top_level.txt
[29.174s] reading manifest file '../build/package_name/package_name.egg-info/SOURCES.txt'
[29.391s] adding license file 'LICENSE'
[29.479s] writing manifest file '../build/package_name/package_name.egg-info/SOURCES.txt'
[29.507s] running build
[29.511s] running build_py
[29.593s] running install
[29.645s] running install_lib
[29.990s] running install_data
[30.101s] running install_egg_info
[30.240s] removing '/mnt/c/Users/maddo/OneDrive - University of Virginia/Coding Things College/MARS/image relay practice thing/image-relay-practice-project/src/install/package_name/lib/python3.12/site-packages/package_name-0.0.0-py3.12.egg-info' (and everything under it)
[30.494s] Copying ../build/package_name/package_name.egg-info to /mnt/c/Users/maddo/OneDrive - University of Virginia/Coding Things College/MARS/image relay practice thing/image-relay-practice-project/src/install/package_name/lib/python3.12/site-packages/package_name-0.0.0-py3.12.egg-info
[31.386s] running install_scripts
[32.778s] writing list of installed files to '/mnt/c/Users/maddo/OneDrive - University of Virginia/Coding Things College/MARS/image relay practice thing/image-relay-practice-project/src/build/package_name/install.log'
[33.908s] Invoked command in '/mnt/c/Users/maddo/OneDrive - University of Virginia/Coding Things College/MARS/image relay practice thing/image-relay-practice-project/src/package_name' returned '0': PYTHONPATH=/mnt/c/Users/maddo/OneDrive - University of Virginia/Coding Things College/MARS/image relay practice thing/image-relay-practice-project/src/build/package_name/prefix_override:/usr/lib/python3/dist-packages/colcon_core/task/python/colcon_distutils_commands:/mnt/c/Users/maddo/OneDrive - University of Virginia/Coding Things College/MARS/image relay practice thing/image-relay-practice-project/src/install/package_name/lib/python3.12/site-packages:${PYTHONPATH} /usr/bin/python3 -W ignore:setup.py install is deprecated -W ignore:easy_install command is deprecated setup.py egg_info --egg-base ../build/package_name build --build-base /mnt/c/Users/maddo/OneDrive - University of Virginia/Coding Things College/MARS/image relay practice thing/image-relay-practice-project/src/build/package_name/build install --record /mnt/c/Users/maddo/OneDrive - University of Virginia/Coding Things College/MARS/image relay practice thing/image-relay-practice-project/src/build/package_name/install.log --single-version-externally-managed install_data
