running egg_info
creating ../build/example_package/example_package.egg-info
writing ../build/example_package/example_package.egg-info/PKG-INFO
writing dependency_links to ../build/example_package/example_package.egg-info/dependency_links.txt
writing requirements to ../build/example_package/example_package.egg-info/requires.txt
writing top-level names to ../build/example_package/example_package.egg-info/top_level.txt
writing manifest file '../build/example_package/example_package.egg-info/SOURCES.txt'
reading manifest file '../build/example_package/example_package.egg-info/SOURCES.txt'
writing manifest file '../build/example_package/example_package.egg-info/SOURCES.txt'
running build
running build_py
creating /mnt/c/Users/maddo/OneDrive - University of Virginia/Coding Things College/MARS/image relay practice thing/image-relay-practice-project/src/build/example_package/build
creating /mnt/c/Users/maddo/OneDrive - University of Virginia/Coding Things College/MARS/image relay practice thing/image-relay-practice-project/src/build/example_package/build/lib
creating /mnt/c/Users/maddo/OneDrive - University of Virginia/Coding Things College/MARS/image relay practice thing/image-relay-practice-project/src/build/example_package/build/lib/example_package
copying example_package/__init__.py -> /mnt/c/Users/maddo/OneDrive - University of Virginia/Coding Things College/MARS/image relay practice thing/image-relay-practice-project/src/build/example_package/build/lib/example_package
running install
running install_lib
creating /mnt/c/Users/maddo/OneDrive - University of Virginia/Coding Things College/MARS/image relay practice thing/image-relay-practice-project/src/install/example_package/lib/python3.12/site-packages/example_package
copying /mnt/c/Users/maddo/OneDrive - University of Virginia/Coding Things College/MARS/image relay practice thing/image-relay-practice-project/src/build/example_package/build/lib/example_package/__init__.py -> /mnt/c/Users/maddo/OneDrive - University of Virginia/Coding Things College/MARS/image relay practice thing/image-relay-practice-project/src/install/example_package/lib/python3.12/site-packages/example_package
byte-compiling /mnt/c/Users/maddo/OneDrive - University of Virginia/Coding Things College/MARS/image relay practice thing/image-relay-practice-project/src/install/example_package/lib/python3.12/site-packages/example_package/__init__.py to __init__.cpython-312.pyc
running install_data
creating /mnt/c/Users/maddo/OneDrive - University of Virginia/Coding Things College/MARS/image relay practice thing/image-relay-practice-project/src/install/example_package/share/ament_index
creating /mnt/c/Users/maddo/OneDrive - University of Virginia/Coding Things College/MARS/image relay practice thing/image-relay-practice-project/src/install/example_package/share/ament_index/resource_index
creating /mnt/c/Users/maddo/OneDrive - University of Virginia/Coding Things College/MARS/image relay practice thing/image-relay-practice-project/src/install/example_package/share/ament_index/resource_index/packages
copying resource/example_package -> /mnt/c/Users/maddo/OneDrive - University of Virginia/Coding Things College/MARS/image relay practice thing/image-relay-practice-project/src/install/example_package/share/ament_index/resource_index/packages
copying package.xml -> /mnt/c/Users/maddo/OneDrive - University of Virginia/Coding Things College/MARS/image relay practice thing/image-relay-practice-project/src/install/example_package/share/example_package
running install_egg_info
Copying ../build/example_package/example_package.egg-info to /mnt/c/Users/maddo/OneDrive - University of Virginia/Coding Things College/MARS/image relay practice thing/image-relay-practice-project/src/install/example_package/lib/python3.12/site-packages/example_package-0.0.0-py3.12.egg-info
running install_scripts
writing list of installed files to '/mnt/c/Users/maddo/OneDrive - University of Virginia/Coding Things College/MARS/image relay practice thing/image-relay-practice-project/src/build/example_package/install.log'
