[8.013s] Invoking command in '/mnt/c/Users/maddo/OneDrive - University of Virginia/Coding Things College/MARS/image relay practice thing/image-relay-practice-project/src/example_package': PYTHONPATH=/mnt/c/Users/maddo/OneDrive - University of Virginia/Coding Things College/MARS/image relay practice thing/image-relay-practice-project/src/build/example_package/prefix_override:/usr/lib/python3/dist-packages/colcon_core/task/python/colcon_distutils_commands:/mnt/c/Users/maddo/OneDrive - University of Virginia/Coding Things College/MARS/image relay practice thing/image-relay-practice-project/src/install/example_package/lib/python3.12/site-packages:${PYTHONPATH} /usr/bin/python3 -W ignore:setup.py install is deprecated -W ignore:easy_install command is deprecated setup.py egg_info --egg-base ../build/example_package build --build-base /mnt/c/Users/maddo/OneDrive - University of Virginia/Coding Things College/MARS/image relay practice thing/image-relay-practice-project/src/build/example_package/build install --record /mnt/c/Users/maddo/OneDrive - University of Virginia/Coding Things College/MARS/image relay practice thing/image-relay-practice-project/src/build/example_package/install.log --single-version-externally-managed install_data
[10.459s] running egg_info
[10.480s] creating ../build/example_package/example_package.egg-info
[10.551s] writing ../build/example_package/example_package.egg-info/PKG-INFO
[10.591s] writing dependency_links to ../build/example_package/example_package.egg-info/dependency_links.txt
[10.621s] writing requirements to ../build/example_package/example_package.egg-info/requires.txt
[10.633s] writing top-level names to ../build/example_package/example_package.egg-info/top_level.txt
[10.652s] writing manifest file '../build/example_package/example_package.egg-info/SOURCES.txt'
[10.897s] reading manifest file '../build/example_package/example_package.egg-info/SOURCES.txt'
[11.122s] writing manifest file '../build/example_package/example_package.egg-info/SOURCES.txt'
[11.129s] running build
[11.132s] running build_py
[11.150s] creating /mnt/c/Users/maddo/OneDrive - University of Virginia/Coding Things College/MARS/image relay practice thing/image-relay-practice-project/src/build/example_package/build
[11.155s] creating /mnt/c/Users/maddo/OneDrive - University of Virginia/Coding Things College/MARS/image relay practice thing/image-relay-practice-project/src/build/example_package/build/lib
[11.167s] creating /mnt/c/Users/maddo/OneDrive - University of Virginia/Coding Things College/MARS/image relay practice thing/image-relay-practice-project/src/build/example_package/build/lib/example_package
[11.207s] copying example_package/__init__.py -> /mnt/c/Users/maddo/OneDrive - University of Virginia/Coding Things College/MARS/image relay practice thing/image-relay-practice-project/src/build/example_package/build/lib/example_package
[11.275s] running install
[11.303s] running install_lib
[11.434s] creating /mnt/c/Users/maddo/OneDrive - University of Virginia/Coding Things College/MARS/image relay practice thing/image-relay-practice-project/src/install/example_package/lib/python3.12/site-packages/example_package
[11.519s] copying /mnt/c/Users/maddo/OneDrive - University of Virginia/Coding Things College/MARS/image relay practice thing/image-relay-practice-project/src/build/example_package/build/lib/example_package/__init__.py -> /mnt/c/Users/maddo/OneDrive - University of Virginia/Coding Things College/MARS/image relay practice thing/image-relay-practice-project/src/install/example_package/lib/python3.12/site-packages/example_package
[11.655s] byte-compiling /mnt/c/Users/maddo/OneDrive - University of Virginia/Coding Things College/MARS/image relay practice thing/image-relay-practice-project/src/install/example_package/lib/python3.12/site-packages/example_package/__init__.py to __init__.cpython-312.pyc
[11.784s] running install_data
[11.808s] creating /mnt/c/Users/maddo/OneDrive - University of Virginia/Coding Things College/MARS/image relay practice thing/image-relay-practice-project/src/install/example_package/share/ament_index
[11.819s] creating /mnt/c/Users/maddo/OneDrive - University of Virginia/Coding Things College/MARS/image relay practice thing/image-relay-practice-project/src/install/example_package/share/ament_index/resource_index
[11.830s] creating /mnt/c/Users/maddo/OneDrive - University of Virginia/Coding Things College/MARS/image relay practice thing/image-relay-practice-project/src/install/example_package/share/ament_index/resource_index/packages
[11.873s] copying resource/example_package -> /mnt/c/Users/maddo/OneDrive - University of Virginia/Coding Things College/MARS/image relay practice thing/image-relay-practice-project/src/install/example_package/share/ament_index/resource_index/packages
[11.964s] copying package.xml -> /mnt/c/Users/maddo/OneDrive - University of Virginia/Coding Things College/MARS/image relay practice thing/image-relay-practice-project/src/install/example_package/share/example_package
[12.011s] running install_egg_info
[12.109s] Copying ../build/example_package/example_package.egg-info to /mnt/c/Users/maddo/OneDrive - University of Virginia/Coding Things College/MARS/image relay practice thing/image-relay-practice-project/src/install/example_package/lib/python3.12/site-packages/example_package-0.0.0-py3.12.egg-info
[12.918s] running install_scripts
[13.698s] writing list of installed files to '/mnt/c/Users/maddo/OneDrive - University of Virginia/Coding Things College/MARS/image relay practice thing/image-relay-practice-project/src/build/example_package/install.log'
[13.801s] Invoked command in '/mnt/c/Users/maddo/OneDrive - University of Virginia/Coding Things College/MARS/image relay practice thing/image-relay-practice-project/src/example_package' returned '0': PYTHONPATH=/mnt/c/Users/maddo/OneDrive - University of Virginia/Coding Things College/MARS/image relay practice thing/image-relay-practice-project/src/build/example_package/prefix_override:/usr/lib/python3/dist-packages/colcon_core/task/python/colcon_distutils_commands:/mnt/c/Users/maddo/OneDrive - University of Virginia/Coding Things College/MARS/image relay practice thing/image-relay-practice-project/src/install/example_package/lib/python3.12/site-packages:${PYTHONPATH} /usr/bin/python3 -W ignore:setup.py install is deprecated -W ignore:easy_install command is deprecated setup.py egg_info --egg-base ../build/example_package build --build-base /mnt/c/Users/maddo/OneDrive - University of Virginia/Coding Things College/MARS/image relay practice thing/image-relay-practice-project/src/build/example_package/build install --record /mnt/c/Users/maddo/OneDrive - University of Virginia/Coding Things College/MARS/image relay practice thing/image-relay-practice-project/src/build/example_package/install.log --single-version-externally-managed install_data
